###############################################################################
#
# IAR ELF Linker V7.80.4.12462/W32 for ARM                11/Dec/2018  19:41:23
# Copyright 2007-2017 IAR Systems AB.
#
#    Output file  =  
#        C:\ti\simplelink\ble_sdk_2_02_02_25\examples\ble_teleconctrol\simple_central\iar\stack\FlashROM\Exe\simple_central_cc2650em_stack.out
#    Map file     =  
#        C:\ti\simplelink\ble_sdk_2_02_02_25\examples\ble_teleconctrol\simple_central\iar\stack\FlashROM\List\simple_central_cc2650em_stack.map
#    Command line =  
#        C:\ti\simplelink\ble_sdk_2_02_02_25\examples\ble_teleconctrol\simple_central\iar\stack\FlashROM\Obj\ble_dispatch.o
#        C:\ti\simplelink\ble_sdk_2_02_02_25\examples\ble_teleconctrol\simple_central\iar\stack\FlashROM\Obj\ble_user_config.o
#        C:\ti\simplelink\ble_sdk_2_02_02_25\examples\ble_teleconctrol\simple_central\iar\stack\FlashROM\Obj\gap.o
#        C:\ti\simplelink\ble_sdk_2_02_02_25\examples\ble_teleconctrol\simple_central\iar\stack\FlashROM\Obj\gapbondmgr.o
#        C:\ti\simplelink\ble_sdk_2_02_02_25\examples\ble_teleconctrol\simple_central\iar\stack\FlashROM\Obj\gattservapp_util.o
#        C:\ti\simplelink\ble_sdk_2_02_02_25\examples\ble_teleconctrol\simple_central\iar\stack\FlashROM\Obj\hal_assert.o
#        C:\ti\simplelink\ble_sdk_2_02_02_25\examples\ble_teleconctrol\simple_central\iar\stack\FlashROM\Obj\hal_flash_wrapper.o
#        C:\ti\simplelink\ble_sdk_2_02_02_25\examples\ble_teleconctrol\simple_central\iar\stack\FlashROM\Obj\hal_rtc_wrapper.o
#        C:\ti\simplelink\ble_sdk_2_02_02_25\examples\ble_teleconctrol\simple_central\iar\stack\FlashROM\Obj\hal_trng_wrapper.o
#        C:\ti\simplelink\ble_sdk_2_02_02_25\examples\ble_teleconctrol\simple_central\iar\stack\FlashROM\Obj\icall_startup.o
#        C:\ti\simplelink\ble_sdk_2_02_02_25\examples\ble_teleconctrol\simple_central\iar\stack\FlashROM\Obj\npi.o
#        C:\ti\simplelink\ble_sdk_2_02_02_25\examples\ble_teleconctrol\simple_central\iar\stack\FlashROM\Obj\onboard.o
#        C:\ti\simplelink\ble_sdk_2_02_02_25\examples\ble_teleconctrol\simple_central\iar\stack\FlashROM\Obj\osal.o
#        C:\ti\simplelink\ble_sdk_2_02_02_25\examples\ble_teleconctrol\simple_central\iar\stack\FlashROM\Obj\osal_bufmgr.o
#        C:\ti\simplelink\ble_sdk_2_02_02_25\examples\ble_teleconctrol\simple_central\iar\stack\FlashROM\Obj\osal_cbtimer.o
#        C:\ti\simplelink\ble_sdk_2_02_02_25\examples\ble_teleconctrol\simple_central\iar\stack\FlashROM\Obj\osal_clock.o
#        C:\ti\simplelink\ble_sdk_2_02_02_25\examples\ble_teleconctrol\simple_central\iar\stack\FlashROM\Obj\osal_icall_ble.o
#        C:\ti\simplelink\ble_sdk_2_02_02_25\examples\ble_teleconctrol\simple_central\iar\stack\FlashROM\Obj\osal_memory_icall.o
#        C:\ti\simplelink\ble_sdk_2_02_02_25\examples\ble_teleconctrol\simple_central\iar\stack\FlashROM\Obj\osal_pwrmgr.o
#        C:\ti\simplelink\ble_sdk_2_02_02_25\examples\ble_teleconctrol\simple_central\iar\stack\FlashROM\Obj\osal_snv_wrapper.o
#        C:\ti\simplelink\ble_sdk_2_02_02_25\examples\ble_teleconctrol\simple_central\iar\stack\FlashROM\Obj\osal_timers.o
#        C:\ti\simplelink\ble_sdk_2_02_02_25\examples\ble_teleconctrol\simple_central\iar\stack\FlashROM\Obj\rom_jt.o
#        C:\ti\simplelink\ble_sdk_2_02_02_25\examples\ble_teleconctrol\simple_central\iar\stack\FlashROM\Obj\sm_ecc.o
#        -o
#        C:\ti\simplelink\ble_sdk_2_02_02_25\examples\ble_teleconctrol\simple_central\iar\stack\FlashROM\Exe\simple_central_cc2650em_stack.out
#        --config_def FLASH_ROM_BUILD=1 --config_def CC2650=1 --map
#        C:\ti\simplelink\ble_sdk_2_02_02_25\examples\ble_teleconctrol\simple_central\iar\stack\FlashROM\List\simple_central_cc2650em_stack.map
#        --config
#        C:\ti\simplelink\ble_sdk_2_02_02_25\examples\ble_teleconctrol\simple_central\iar\stack\..\..\..\..\..\src/common/cc26xx/iar/cc26xx_stack.icf
#        -f
#        C:\ti\simplelink\ble_sdk_2_02_02_25\examples\ble_teleconctrol\simple_central\iar\stack/../config/lib_linker.cmd
#        (C:\ti\simplelink\ble_sdk_2_02_02_25\blelib\host\host_xcxx.a
#        C:\ti\simplelink\ble_sdk_2_02_02_25\blelib\ctrl\cc2640\cc2640_ctrl_xcxx_41c.a
#        C:\ti\simplelink\ble_sdk_2_02_02_25\blelib\hci_tl\cc26xx\cc26xx_hci_tl_none_v41.a)
#        --semihosting
#        C:\ti\simplelink\ble_sdk_2_02_02_25\examples\ble_teleconctrol\simple_central\iar\stack\..\..\..\..\..\src\rom/ble_rom_releases/04242014/ble_rom_patch.symbols
#        C:\ti\tirtos_cc13xx_cc26xx_2_21_01_08\products\cc26xxware_2_24_03_17272\driverlib\bin\iar\driverlib.lib
#        --entry startup_entry --vfe
#
###############################################################################

*******************************************************************************
*** RUNTIME MODEL ATTRIBUTES
***

CppFlavor       = *
__SystemLibrary = DLib


*******************************************************************************
*** RESERVED RANGES
***

Ranges reserved by absolute symbols:
   [0x10005000-0x10005003]
   [0x10005004-0x1000dffb]
   [0x1000dffc-0x1000dffd]
   [0x1000dffe-0x1000dfff]
   [0x10016975-0x10016976]
   [0x10016979-0x10016984]
   [0x10016985-0x10016a98]
   [0x10016a99-0x10016ae6]
   [0x10016af5-0x10016b56]
   [0x10016b79-0x10016c28]
   [0x10016c29-0x10016c42]
   [0x10016c45-0x10016c76]
   [0x10016c79-0x10016d02]
   [0x10016d05-0x10016d26]
   [0x10016d29-0x10016da0]
   [0x10016da1-0x10016dc6]
   [0x10016dc9-0x10016e8c]
   [0x10016e8d-0x10016ea0]
   [0x10016ea1-0x10016ed2]
   [0x10016ed5-0x10016f44]
   [0x10017365-0x100174ba]
   [0x100174fd-0x100175d0]
   [0x100175ed-0x10017674]
   [0x1001767d-0x10017754]
   [0x10017771-0x100177fa]
   [0x10017839-0x10017894]
   [0x10017895-0x100178f2]
   [0x100178f5-0x1001794e]
   [0x10018315-0x1001833a]
   [0x1001833d-0x10018366]
   [0x10018369-0x1001838e]
   [0x10018391-0x100183b6]
   [0x100183b9-0x100183c4]
   [0x10018485-0x100184a6]
   [0x100184a9-0x100184c2]
   [0x100184c5-0x100184cc]
   [0x100184cd-0x100184d0]
   [0x100184d1-0x100184d4]
   [0x100184d5-0x100184f8]
   [0x100184f9-0x10018546]
   [0x10018549-0x10018550]
   [0x10018551-0x100185e0]
   [0x100185e1-0x1001865c]
   [0x10018669-0x100186f6]
   [0x10018a19-0x10018a32]
   [0x10018a35-0x10018a4c]
   [0x10018a99-0x10018ac2]
   [0x10018ac5-0x10018aee]
   [0x10018b09-0x10018b0c]
   [0x200048e8-0x200048fb]
   [0x200048fc-0x20004f2b]
   [0x20004fac-0x20004fcb]
   [0x20004fcc-0x20004fd7]


*******************************************************************************
*** PLACEMENT SUMMARY
***

"A0":  place at end of [0x00000000-0x0001efff] { block ROSTK };
"A1":  place at end of [0x20000000-0x200048e7] { block RWDATA };
initialize by copy with packing = packbits { rw };

  Section                Kind        Address     Size  Object
  -------                ----        -------     ----  ------
"A0":                                         0x115b0
  ROSTK                           0x0000da50  0x115b0  <Block>
    ENTRY                         0x0000da50     0x30  <Block>
      EntrySection       ro code  0x0000da50     0x30  icall_startup.o [1]
    ROCODE                        0x0000da80  0x10556  <Block>
      .rodata            const    0x0000da80     0x29  osal_icall_ble.o [1]
      .rodata            const    0x0000daaa      0x2  ll_patch.o [4]
      .rodata            const    0x0000daac      0x8  gattservapp.o [8]
      .rodata            const    0x0000dab4      0x8  gapgattserver.o [8]
      .rodata            const    0x0000dabc     0x5c  ll_config.o [4]
      Veneer             ro code  0x0000db18      0x8  - Linker created -
      Veneer             ro code  0x0000db20      0x8  - Linker created -
      Veneer             ro code  0x0000db28      0x8  - Linker created -
      Veneer             ro code  0x0000db30      0x8  - Linker created -
      Veneer             ro code  0x0000db38      0x8  - Linker created -
      Veneer             ro code  0x0000db40      0x8  - Linker created -
      Veneer             ro code  0x0000db48      0x8  - Linker created -
      Veneer             ro code  0x0000db50      0x8  - Linker created -
      Veneer             ro code  0x0000db58      0x8  - Linker created -
      Veneer             ro code  0x0000db60      0x8  - Linker created -
      Veneer             ro code  0x0000db68      0x8  - Linker created -
      Veneer             ro code  0x0000db70      0x8  - Linker created -
      Veneer             ro code  0x0000db78      0x8  - Linker created -
      Veneer             ro code  0x0000db80      0x8  - Linker created -
      Veneer             ro code  0x0000db88      0x8  - Linker created -
      Veneer             ro code  0x0000db90      0x8  - Linker created -
      Veneer             ro code  0x0000db98      0x8  - Linker created -
      Veneer             ro code  0x0000dba0      0x8  - Linker created -
      Veneer             ro code  0x0000dba8      0x8  - Linker created -
      Veneer             ro code  0x0000dbb0      0x8  - Linker created -
      Veneer             ro code  0x0000dbb8      0x8  - Linker created -
      Veneer             ro code  0x0000dbc0      0x8  - Linker created -
      Veneer             ro code  0x0000dbc8      0x8  - Linker created -
      Veneer             ro code  0x0000dbd0      0x8  - Linker created -
      Veneer             ro code  0x0000dbd8      0x8  - Linker created -
      Veneer             ro code  0x0000dbe0      0x8  - Linker created -
      Veneer             ro code  0x0000dbe8      0x8  - Linker created -
      Veneer             ro code  0x0000dbf0      0x8  - Linker created -
      Veneer             ro code  0x0000dbf8      0x8  - Linker created -
      Veneer             ro code  0x0000dc00      0x8  - Linker created -
      Veneer             ro code  0x0000dc08      0x8  - Linker created -
      Veneer             ro code  0x0000dc10      0x8  - Linker created -
      .text              ro code  0x0000dc18    0xa38  ble_dispatch.o [1]
      .text              ro code  0x0000e650    0x6b0  osal.o [1]
      Veneer             ro code  0x0000ed00      0x8  - Linker created -
      Veneer             ro code  0x0000ed08      0x8  - Linker created -
      Veneer             ro code  0x0000ed10      0x8  - Linker created -
      .text              ro code  0x0000ed18    0x162  l2cap_if.o [8]
      .text              ro code  0x0000ee7c    0x1a4  att_client.o [8]
      .text              ro code  0x0000f020    0x1ec  att_server.o [8]
      Veneer             ro code  0x0000f20c      0x8  - Linker created -
      Veneer             ro code  0x0000f214      0x8  - Linker created -
      Veneer             ro code  0x0000f21c      0x8  - Linker created -
      Veneer             ro code  0x0000f224      0x8  - Linker created -
      .text              ro code  0x0000f22c    0x378  hci_patch.o [4]
      .text              ro code  0x0000f5a4    0xe58  gapbondmgr.o [1]
      .text              ro code  0x000103fc    0x4a0  osal_snv_wrapper.o [1]
      Veneer             ro code  0x0001089c      0x8  - Linker created -
      .text              ro code  0x000108a4     0x14  onboard.o [1]
      .text              ro code  0x000108b8    0x2f6  gatt_task.o [8]
      Veneer             ro code  0x00010bb0      0x8  - Linker created -
      Veneer             ro code  0x00010bb8      0x8  - Linker created -
      .text              ro code  0x00010bc0    0x5d6  l2cap_util.o [8]
      .text              ro code  0x00011198     0xcc  osal_bufmgr.o [1]
      .text              ro code  0x00011264    0xd34  gatt_client.o [8]
      .text              ro code  0x00011f98    0xa98  gatt_server.o [8]
      .text              ro code  0x00012a30    0xfb4  gattservapp.o [8]
      .text              ro code  0x000139e4     0x44  gap.o [1]
      Veneer             ro code  0x00013a28      0x8  - Linker created -
      Veneer             ro code  0x00013a30      0x8  - Linker created -
      .text              ro code  0x00013a38    0x544  gap_centdevmgr.o [8]
      Veneer             ro code  0x00013f7c      0x8  - Linker created -
      Veneer             ro code  0x00013f84      0x8  - Linker created -
      .text              ro code  0x00013f8c    0x24a  gap_centlinkmgr.o [8]
      Veneer             ro code  0x000141d8      0x8  - Linker created -
      Veneer             ro code  0x000141e0      0x8  - Linker created -
      .text              ro code  0x000141e8    0x348  gap_configmgr.o [8]
      Veneer             ro code  0x00014530      0x8  - Linker created -
      .text              ro code  0x00014538    0x95c  gap_linkmgr.o [8]
      .text              ro code  0x00014e94     0xb0  gap_devmgr.o [8]
      .text              ro code  0x00014f44    0x2ec  gapgattserver.o [8]
      .text              ro code  0x00015230    0x2e8  gap_task.o [8]
      .text              ro code  0x00015518    0x2c0  linkdb.o [8]
      .text              ro code  0x000157d8     0x30  hal_assert.o [1]
      .text              ro code  0x00015808     0x36  strlen.o [9]
      .text              ro code  0x00015840     0x40  osal_memory_icall.o [1]
      .text              ro code  0x00015880     0x66  ABImemset.o [9]
      .text              ro code  0x000158e8    0x298  osal_timers.o [1]
      .text              ro code  0x00015b80     0xa0  osal_pwrmgr.o [1]
      .text              ro code  0x00015c20    0x118  osal_icall_ble.o [1]
      .text              ro code  0x00015d38    0x57c  att_util.o [8]
      Veneer             ro code  0x000162b4      0x8  - Linker created -
      Veneer             ro code  0x000162bc      0x8  - Linker created -
      Veneer             ro code  0x000162c4      0x8  - Linker created -
      Veneer             ro code  0x000162cc      0x8  - Linker created -
      Veneer             ro code  0x000162d4      0x8  - Linker created -
      Veneer             ro code  0x000162dc      0x8  - Linker created -
      Veneer             ro code  0x000162e4      0x8  - Linker created -
      Veneer             ro code  0x000162ec      0x8  - Linker created -
      Veneer             ro code  0x000162f4      0x8  - Linker created -
      Veneer             ro code  0x000162fc      0x8  - Linker created -
      Veneer             ro code  0x00016304      0x8  - Linker created -
      Veneer             ro code  0x0001630c      0x8  - Linker created -
      Veneer             ro code  0x00016314      0x8  - Linker created -
      Veneer             ro code  0x0001631c      0x8  - Linker created -
      Veneer             ro code  0x00016324      0x8  - Linker created -
      Veneer             ro code  0x0001632c      0x8  - Linker created -
      Veneer             ro code  0x00016334      0x8  - Linker created -
      Veneer             ro code  0x0001633c      0x8  - Linker created -
      Veneer             ro code  0x00016344      0x8  - Linker created -
      Veneer             ro code  0x0001634c      0x8  - Linker created -
      Veneer             ro code  0x00016354      0x8  - Linker created -
      Veneer             ro code  0x0001635c      0x8  - Linker created -
      Veneer             ro code  0x00016364      0x8  - Linker created -
      .text              ro code  0x0001636c   0x1bc4  ll_patch.o [4]
      Veneer             ro code  0x00017f30      0x8  - Linker created -
      .text              ro code  0x00017f38    0x652  hci_event_patch.o [4]
      .text              ro code  0x0001858c     0x58  hal_flash_wrapper.o [1]
      .text              ro code  0x000185e4     0x2c  flash.o [7]
      .text              ro code  0x00018610     0x76  ABImemcpy_unaligned.o [9]
      .text              ro code  0x00018688     0x62  memcmp_unaligned.o [9]
      .text              ro code  0x000186ec      0xe  vims.o [7]
      .text              ro code  0x000186fc    0x1f8  osal_cbtimer.o [1]
      .text              ro code  0x000188f4     0x6c  gattservapp_util.o [1]
      Veneer             ro code  0x00018960      0x8  - Linker created -
      .text              ro code  0x00018968    0x550  sm_intpairing.o [8]
      .text              ro code  0x00018eb8    0x7dc  sm_pairing.o [8]
      Veneer             ro code  0x00019694      0x8  - Linker created -
      .text              ro code  0x0001969c    0x628  sm_mgr.o [8]
      .text              ro code  0x00019cc4     0x6c  hci_tl.o [5]
      .text              ro code  0x00019d30     0xee  I64DivMod.o [9]
      .text              ro code  0x00019e20     0x60  osal_clock.o [1]
      .text              ro code  0x00019e80    0x2ac  l2cap_task.o [8]
      .text              ro code  0x0001a12c     0xe8  sm_task.o [8]
      .text              ro code  0x0001a214     0x74  ble_user_config.o [1]
      .text              ro code  0x0001a288     0x60  hal_trng_wrapper.o [1]
      Veneer             ro code  0x0001a2e8      0x8  - Linker created -
      Veneer             ro code  0x0001a2f0      0x8  - Linker created -
      Veneer             ro code  0x0001a2f8      0x8  - Linker created -
      Veneer             ro code  0x0001a300      0x8  - Linker created -
      Veneer             ro code  0x0001a308      0x8  - Linker created -
      Veneer             ro code  0x0001a310      0x8  - Linker created -
      Veneer             ro code  0x0001a318      0x8  - Linker created -
      Veneer             ro code  0x0001a320      0x8  - Linker created -
      Veneer             ro code  0x0001a328      0x8  - Linker created -
      Veneer             ro code  0x0001a330      0x8  - Linker created -
      Veneer             ro code  0x0001a338      0x8  - Linker created -
      Veneer             ro code  0x0001a340      0x8  - Linker created -
      .text              ro code  0x0001a348   0x1300  ll_common_patch.o [4]
      .text              ro code  0x0001b648    0x1a8  ll_scheduler_patch.o [4]
      .text              ro code  0x0001b7f0    0x380  smp.o [8]
      .text              ro code  0x0001bb70      0x2  I64DivZer.o [9]
      .text              ro code  0x0001bb74     0x30  trng.o [7]
      .text              ro code  0x0001bba4      0x6  ABImemclr.o [9]
      .text              ro code  0x0001bbac     0x46  ll_sleep.o [4]
      Veneer             ro code  0x0001bbf4      0x8  - Linker created -
      Veneer             ro code  0x0001bbfc      0x8  - Linker created -
      Veneer             ro code  0x0001bc04      0x8  - Linker created -
      Veneer             ro code  0x0001bc0c      0x8  - Linker created -
      Veneer             ro code  0x0001bc14      0x8  - Linker created -
      Veneer             ro code  0x0001bc1c      0x8  - Linker created -
      Veneer             ro code  0x0001bc24      0x8  - Linker created -
      .text              ro code  0x0001bc2c    0x658  ble_patch.o [4]
      Veneer             ro code  0x0001c284      0x8  - Linker created -
      Veneer             ro code  0x0001c28c      0x8  - Linker created -
      Veneer             ro code  0x0001c294      0x8  - Linker created -
      Veneer             ro code  0x0001c29c      0x8  - Linker created -
      .text              ro code  0x0001c2a4    0x14c  ll_enc_patch.o [4]
      .text              ro code  0x0001c3f0     0x10  ll_rat_patch.o [4]
      Veneer             ro code  0x0001c400      0x8  - Linker created -
      .text              ro code  0x0001c408     0xa8  hci_data_patch.o [4]
      Veneer             ro code  0x0001c4b0      0x8  - Linker created -
      .text              ro code  0x0001c4b8     0xae  ll_wl_patch.o [4]
      .text              ro code  0x0001c568    0x760  rom_jt.o [1]
      .text              ro code  0x0001ccc8     0x10  cpu.o [7]
      .text              ro code  0x0001ccd8     0x24  gatt_uuid.o [8]
      .text              ro code  0x0001ccfc     0xbc  interrupt.o [7]
      .text              ro code  0x0001cdb8    0x340  ll_init_end_causes_patch.o [4]
      Veneer             ro code  0x0001d0f8      0x8  - Linker created -
      Veneer             ro code  0x0001d100      0x8  - Linker created -
      Veneer             ro code  0x0001d108      0x8  - Linker created -
      Veneer             ro code  0x0001d110      0x8  - Linker created -
      Veneer             ro code  0x0001d118      0x8  - Linker created -
      Veneer             ro code  0x0001d120      0x8  - Linker created -
      Veneer             ro code  0x0001d128      0x8  - Linker created -
      .text              ro code  0x0001d130    0x6ae  ll_master_end_causes_patch.o [4]
      Veneer             ro code  0x0001d7e0      0x8  - Linker created -
      Veneer             ro code  0x0001d7e8      0x8  - Linker created -
      Veneer             ro code  0x0001d7f0      0x8  - Linker created -
      Veneer             ro code  0x0001d7f8      0x8  - Linker created -
      .text              ro code  0x0001d800     0xfc  ll_scan_end_causes_patch.o [4]
      .text              ro code  0x0001d8fc    0x458  ll_isr.o [4]
      .text              ro code  0x0001dd54     0x28  data_init.o [9]
      Veneer             ro code  0x0001dd7c      0x8  - Linker created -
      Veneer             ro code  0x0001dd84      0x8  - Linker created -
      Veneer             ro code  0x0001dd8c      0x8  - Linker created -
      Veneer             ro code  0x0001dd94      0x8  - Linker created -
      Veneer             ro code  0x0001dd9c      0x8  - Linker created -
      Veneer             ro code  0x0001dda4      0x8  - Linker created -
      Veneer             ro code  0x0001ddac      0x8  - Linker created -
      .text              ro code  0x0001ddb4     0x42  ll_access_address_patch.o [4]
      .text              ro code  0x0001ddf6     0x40  zero_init3.o [9]
      .text              ro code  0x0001de36     0x38  packbits_init_single.o [9]
      .iar.init_table    const    0x0001de70     0x20  - Linker created -
      .rodata            const    0x0001de90      0x0  zero_init3.o [9]
      .rodata            const    0x0001de90      0x0  packbits_init_single.o [9]
      Initializer bytes  const    0x0001de90    0x146  <for RWDATA-1>
    SNVSECT                       0x0001e000   0x1000  <Block>
      .snvSectors        const    0x0001e000   0x1000  osal_snv_wrapper.o [1]
                                - 0x0001f000  0x115b0

"A1":                                           0x5cc
  RWDATA                          0x20004318    0x5cc  <Block>
    RWDATA-1                      0x20004318    0x394  <Init block>
      .data              inited   0x20004318    0x128  ll_patch.o [4]
      .data              inited   0x20004440     0x54  gapbondmgr.o [1]
      .data              inited   0x20004494      0x8  hal_assert.o [1]
      .data              inited   0x2000449c     0x24  osal.o [1]
      .data              inited   0x200044c0     0x7c  osal_cbtimer.o [1]
      .data              inited   0x2000453c     0x1c  gap_linkmgr.o [8]
      .data              inited   0x20004558     0x2c  gap_configmgr.o [8]
      .data              inited   0x20004584     0x50  gap_configmgr.o [8]
      .data              inited   0x200045d4     0x10  gap_centdevmgr.o [8]
      .data              inited   0x200045e4      0x8  gap_centlinkmgr.o [8]
      .data              inited   0x200045ec      0xc  gap_task.o [8]
      .data              inited   0x200045f8     0x10  gattservapp.o [8]
      .data              inited   0x20004608      0x8  gatt_server.o [8]
      .data              inited   0x20004610     0x50  gapgattserver.o [8]
      .data              inited   0x20004660     0x20  ll_config.o [4]
      .data              inited   0x20004680      0xc  sm_intpairing.o [8]
      .data              inited   0x2000468c      0x8  l2cap_task.o [8]
      .data              inited   0x20004694      0xc  ll_common_patch.o [4]
      .data              inited   0x200046a0      0x4  osal_snv_wrapper.o [1]
      .data              inited   0x200046a4      0x2  l2cap_task.o [8]
      .data              inited   0x200046a6      0x1  gattservapp.o [8]
      .data              inited   0x200046a7      0x1  gatt_task.o [8]
      .data              inited   0x200046a8      0x1  gatt_client.o [8]
      .data              inited   0x200046a9      0x1  gatt_server.o [8]
      .data              inited   0x200046aa      0x1  gapgattserver.o [8]
      .data              inited   0x200046ab      0x1  gapgattserver.o [8]
    .bss                 zero     0x200046b0      0x8  ll_patch.o [4]
    .bss                 zero     0x200046b8     0x38  ble_dispatch.o [1]
    .bss                 zero     0x200046f0     0x8c  gapbondmgr.o [1]
    .bss                 zero     0x2000477c      0x4  hal_trng_wrapper.o [1]
    .bss                 zero     0x20004780      0xc  icall_startup.o [1]
    .bss                 zero     0x2000478c      0x4  osal_bufmgr.o [1]
    .bss                 zero     0x20004790      0x8  osal_clock.o [1]
    .bss                 zero     0x20004798      0x4  osal_icall_ble.o [1]
    .bss                 zero     0x2000479c      0x8  osal_pwrmgr.o [1]
    .bss                 zero     0x200047a4      0xc  osal_timers.o [1]
    .bss                 zero     0x200047b0      0x4  att_server.o [8]
    .bss                 zero     0x200047b4      0x4  att_client.o [8]
    .bss                 zero     0x200047b8      0x4  gap_linkmgr.o [8]
    .bss                 zero     0x200047bc      0x4  gap_task.o [8]
    .bss                 zero     0x200047c0      0x4  gap_devmgr.o [8]
    .bss                 zero     0x200047c4      0x4  gap_devmgr.o [8]
    .bss                 zero     0x200047c8     0x24  gattservapp.o [8]
    .bss                 zero     0x200047ec      0x4  gattservapp.o [8]
    .bss                 zero     0x200047f0      0x8  gatt_task.o [8]
    .bss                 zero     0x200047f8      0x4  gatt_client.o [8]
    .bss                 zero     0x200047fc      0x4  gatt_server.o [8]
    .bss                 zero     0x20004800      0x4  gapgattserver.o [8]
    .bss                 zero     0x20004804     0x1c  gapgattserver.o [8]
    .bss                 zero     0x20004820     0x38  linkdb.o [8]
    .bss                 zero     0x20004858     0x30  l2cap_task.o [8]
    .bss                 zero     0x20004888     0x10  hci_event_patch.o [4]
    .bss                 zero     0x20004898      0x4  ble_patch.o [4]
    .bss                 zero     0x2000489c      0x4  ble_patch.o [4]
    .bss                 zero     0x200048a0     0x28  ll_scan_end_causes_patch.o [4]
    .bss                 zero     0x200048c8      0xc  sm_pairing.o [8]
    .bss                 zero     0x200048d4      0x1  ble_dispatch.o [1]
    .bss                 zero     0x200048d5      0x1  osal.o [1]
    .bss                 zero     0x200048d6      0x1  gap_devmgr.o [8]
    .bss                 zero     0x200048d7      0x2  gatt_task.o [8]
    .bss                 zero     0x200048d9      0x1  l2cap_if.o [8]
    .bss                 zero     0x200048da      0x1  l2cap_util.o [8]
    .bss                 zero     0x200048db      0x6  hci_tl.o [5]
    .bss                 zero     0x200048e1      0x1  sm_task.o [8]
    .bss                 zero     0x200048e2      0x1  ll_common_patch.o [4]
                                - 0x200048e4    0x5cc


*******************************************************************************
*** INIT TABLE
***

          Address     Size
          -------     ----
Zero (__iar_zero_init3)
    1 destination range, total size 0x233:
          0x200046b0  0x233

Copy/packbits (__iar_packbits_init_single3)
    1 source range, total size 0x146 (35% of destination):
          0x0001de90  0x146
    1 destination range, total size 0x394:
          0x20004318  0x394



*******************************************************************************
*** MODULE SUMMARY
***

    Module                        ro code  ro data  rw data
    ------                        -------  -------  -------
C:\ti\simplelink\ble_sdk_2_02_02_25\examples\ble_teleconctrol\simple_central\iar\stack\FlashROM\Obj: [1]
    ble_dispatch.o                  2 616                57
    ble_user_config.o                 116
    gap.o                              68
    gapbondmgr.o                    3 672       30      224
    gattservapp_util.o                108
    hal_assert.o                       48        3        8
    hal_flash_wrapper.o                88
    hal_trng_wrapper.o                 96                 4
    icall_startup.o                    48                12
    onboard.o                          20
    osal.o                          1 712       12       37
    osal_bufmgr.o                     204                 4
    osal_cbtimer.o                    504       45      124
    osal_clock.o                       96                 8
    osal_icall_ble.o                  280       41        4
    osal_memory_icall.o                64
    osal_pwrmgr.o                     160                 8
    osal_snv_wrapper.o              1 184    4 098        4
    osal_timers.o                     664                12
    rom_jt.o                        1 888
    -------------------------------------------------------
    Total:                         13 636    4 229      506

C:\ti\simplelink\ble_sdk_2_02_02_25\src\rom\ble_rom_releases\04242014: [2]
    -------------------------------------------------------
    Total:

command line: [3]
    -------------------------------------------------------
    Total:

cc2640_ctrl_xcxx_41c.a: [4]
    ble_patch.o                     1 624                 8
    hci_data_patch.o                  168
    hci_event_patch.o               1 618                16
    hci_patch.o                       888
    ll_access_address_patch.o          66
    ll_common_patch.o               4 864        4       13
    ll_config.o                                104       32
    ll_enc_patch.o                    332
    ll_init_end_causes_patch.o        832
    ll_isr.o                        1 112
    ll_master_end_causes_patch.o    1 710
    ll_patch.o                      7 108      107      304
    ll_rat_patch.o                     16
    ll_scan_end_causes_patch.o        252                40
    ll_scheduler_patch.o              424
    ll_sleep.o                         70
    ll_wl_patch.o                     174
    -------------------------------------------------------
    Total:                         21 258      215      413

cc26xx_hci_tl_none_v41.a: [5]
    hci_tl.o                          108                 6
    -------------------------------------------------------
    Total:                            108                 6

dl7M_tln.a: [6]
    -------------------------------------------------------
    Total:

driverlib.lib: [7]
    cpu.o                              16
    flash.o                            44
    interrupt.o                       188
    trng.o                             48
    vims.o                             14
    -------------------------------------------------------
    Total:                            310

host_xcxx.a: [8]
    att_client.o                      420                 4
    att_server.o                      492                 4
    att_util.o                      1 404
    gap_centdevmgr.o                1 348        5       16
    gap_centlinkmgr.o                 586        3        8
    gap_configmgr.o                   840       45      124
    gap_devmgr.o                      176                 9
    gap_linkmgr.o                   2 396        9       32
    gap_task.o                        744        4       16
    gapgattserver.o                   748       37      114
    gatt_client.o                   3 380                 5
    gatt_server.o                   2 712        4       13
    gatt_task.o                       758                11
    gatt_uuid.o                        36
    gattservapp.o                   4 020       15       57
    l2cap_if.o                        354                 1
    l2cap_task.o                      684        3       58
    l2cap_util.o                    1 494                 1
    linkdb.o                          704                56
    sm_intpairing.o                 1 360        4       12
    sm_mgr.o                        1 576
    sm_pairing.o                    2 012                12
    sm_task.o                         232                 1
    smp.o                             896
    -------------------------------------------------------
    Total:                         29 372      129      554

rt7M_tl.a: [9]
    ABImemclr.o                         6
    ABImemcpy_unaligned.o             118
    ABImemset.o                       102
    I64DivMod.o                       238
    I64DivZer.o                         2
    data_init.o                        40
    memcmp_unaligned.o                 98
    packbits_init_single.o             56
    strlen.o                           54
    zero_init3.o                       64
    -------------------------------------------------------
    Total:                            778

    Gaps                               32        3        4
    Linker created                    944       32
-----------------------------------------------------------
    Grand Total:                   66 438    4 608    1 483


*******************************************************************************
*** ENTRY LIST
***

Entry                      Address    Size  Type      Object
-----                      -------    ----  ----      ------
.iar.init_table$$Base   0x0001de70           --   Gb  - Linker created -
.iar.init_table$$Limit  0x0001de90           --   Gb  - Linker created -
A1_rw_1 {Abs}           0x10005000     0x4   --   Gb  ble_rom_patch.symbols [2]
A2_rw_1 {Abs}           0x1000dffe     0x2   --   Gb  ble_rom_patch.symbols [2]
A3_rw_1 {Abs}           0x1000dffc     0x2   --   Gb  ble_rom_patch.symbols [2]
A4_rw_1 {Abs}           0x200048e8    0x14   --   Gb  ble_rom_patch.symbols [2]
ATT_BuildErrorRsp       0x00015d93    0x12  Code  Gb  att_util.o [8]
ATT_BuildExchangeMTUReq
                        0x00015dc3     0x2  Code  Gb  att_util.o [8]
ATT_BuildExchangeMTURsp
                        0x00015dcf     0x2  Code  Gb  att_util.o [8]
ATT_BuildExecuteWriteReq
                        0x000160f9     0x8  Code  Gb  att_util.o [8]
ATT_BuildFindByTypeValueReq
                        0x00015e5d    0x1a  Code  Gb  att_util.o [8]
ATT_BuildFindByTypeValueRsp
                        0x00015eb9     0x8  Code  Gb  att_util.o [8]
ATT_BuildFindInfoReq    0x00015df5     0x2  Code  Gb  att_util.o [8]
ATT_BuildFindInfoRsp    0x00015e01    0x18  Code  Gb  att_util.o [8]
ATT_BuildHandleValueInd
                        0x0001611d     0x2  Code  Gb  att_util.o [8]
ATT_BuildPrepareWriteReq
                        0x0001607f     0x2  Code  Gb  att_util.o [8]
ATT_BuildPrepareWriteRsp
                        0x000160a9     0x2  Code  Gb  att_util.o [8]
ATT_BuildReadBlobReq    0x00015fc3     0x2  Code  Gb  att_util.o [8]
ATT_BuildReadBlobRsp    0x00016001     0x4  Code  Gb  att_util.o [8]
ATT_BuildReadByGrpTypeRsp
                        0x00016041     0x2  Code  Gb  att_util.o [8]
ATT_BuildReadByTypeReq  0x00015edb    0x1a  Code  Gb  att_util.o [8]
ATT_BuildReadByTypeRsp  0x00015f47     0x2  Code  Gb  att_util.o [8]
ATT_BuildReadMultiReq   0x00016013     0x8  Code  Gb  att_util.o [8]
ATT_BuildReadMultiRsp   0x0001603b     0x4  Code  Gb  att_util.o [8]
ATT_BuildReadReq        0x00015f6b     0x2  Code  Gb  att_util.o [8]
ATT_BuildReadRsp        0x00015f87     0x4  Code  Gb  att_util.o [8]
ATT_BuildWriteReq       0x00015fb7     0x2  Code  Gb  att_util.o [8]
ATT_CompareUUID         0x000161e3    0x50  Code  Gb  att_util.o [8]
ATT_ConvertUUIDto128    0x00016233    0x28  Code  Gb  att_util.o [8]
ATT_ErrorRsp            0x0000f027     0xc  Code  Gb  att_server.o [8]
ATT_ExchangeMTUReq      0x0000ee83    0x26  Code  Gb  att_client.o [8]
ATT_ExchangeMTURsp      0x0000f039    0x18  Code  Gb  att_server.o [8]
ATT_ExecuteWriteReq     0x0000efbd     0xc  Code  Gb  att_client.o [8]
ATT_ExecuteWriteRsp     0x0000f16b     0xc  Code  Gb  att_server.o [8]
ATT_FindByTypeValueReq  0x0000eebd    0x24  Code  Gb  att_client.o [8]
ATT_FindByTypeValueRsp  0x0000f081    0x20  Code  Gb  att_server.o [8]
ATT_FindInfoReq         0x0000eea9     0xc  Code  Gb  att_client.o [8]
ATT_FindInfoRsp         0x0000f051    0x30  Code  Gb  att_server.o [8]
ATT_GetMTU              0x00016285    0x20  Code  Gb  att_util.o [8]
ATT_HandleValueCfm      0x0000efc9    0x2a  Code  Gb  att_client.o [8]
ATT_HandleValueInd      0x0000f18d    0x14  Code  Gb  att_server.o [8]
ATT_HandleValueNoti     0x0000f177    0x16  Code  Gb  att_server.o [8]
ATT_ParseErrorRsp       0x00015da5    0x1e  Code  Gb  att_util.o [8]
ATT_ParseExchangeMTUReq
                        0x00015dc5     0xa  Code  Gb  att_util.o [8]
ATT_ParseExchangeMTURsp
                        0x00015ddf    0x16  Code  Gb  att_util.o [8]
ATT_ParseExecuteWriteReq
                        0x00016101    0x12  Code  Gb  att_util.o [8]
ATT_ParseExecuteWriteRsp
                        0x00016113     0xa  Code  Gb  att_util.o [8]
ATT_ParseFindByTypeValueReq
                        0x00015e77    0x42  Code  Gb  att_util.o [8]
ATT_ParseFindByTypeValueRsp
                        0x00015ec1    0x1a  Code  Gb  att_util.o [8]
ATT_ParseFindInfoReq    0x00015df7     0xa  Code  Gb  att_util.o [8]
ATT_ParseFindInfoRsp    0x00015e19    0x44  Code  Gb  att_util.o [8]
ATT_ParseHandleValueInd
                        0x00016131    0x1e  Code  Gb  att_util.o [8]
ATT_ParsePacket         0x00015d39    0x5a  Code  Gb  att_util.o [8]
ATT_ParsePrepareWriteReq
                        0x00016081    0x28  Code  Gb  att_util.o [8]
ATT_ParsePrepareWriteRsp
                        0x000160c7    0x32  Code  Gb  att_util.o [8]
ATT_ParseReadBlobReq    0x00015fdd     0xa  Code  Gb  att_util.o [8]
ATT_ParseReadBlobRsp    0x00016005     0x2  Code  Gb  att_util.o [8]
ATT_ParseReadByGrpTypeRsp
                        0x00016053    0x22  Code  Gb  att_util.o [8]
ATT_ParseReadByTypeReq  0x00015f0b    0x3c  Code  Gb  att_util.o [8]
ATT_ParseReadByTypeRsp  0x00015f49    0x22  Code  Gb  att_util.o [8]
ATT_ParseReadMultiReq   0x0001601b    0x20  Code  Gb  att_util.o [8]
ATT_ParseReadMultiRsp   0x0001603f     0x2  Code  Gb  att_util.o [8]
ATT_ParseReadReq        0x00015f6d     0xa  Code  Gb  att_util.o [8]
ATT_ParseReadRsp        0x00015f8b     0x2  Code  Gb  att_util.o [8]
ATT_ParseWriteReq       0x00015f8d    0x2a  Code  Gb  att_util.o [8]
ATT_ParseWriteRsp       0x00015fb9     0xa  Code  Gb  att_util.o [8]
ATT_PrepareWriteReq     0x0000ef9d    0x18  Code  Gb  att_client.o [8]
ATT_PrepareWriteRsp     0x0000f151    0x1a  Code  Gb  att_server.o [8]
ATT_ReadBlobReq         0x0000ef05     0xc  Code  Gb  att_client.o [8]
ATT_ReadBlobRsp         0x0000f0e9    0x16  Code  Gb  att_server.o [8]
ATT_ReadByGrpTypeReq    0x0000ef3d    0x18  Code  Gb  att_client.o [8]
ATT_ReadByGrpTypeRsp    0x0000f123    0x22  Code  Gb  att_server.o [8]
ATT_ReadByTypeReq       0x0000eee1    0x18  Code  Gb  att_client.o [8]
ATT_ReadByTypeRsp       0x0000f0a1    0x22  Code  Gb  att_server.o [8]
ATT_ReadMultiReq        0x0000ef19    0x24  Code  Gb  att_client.o [8]
ATT_ReadMultiRsp        0x0000f105    0x16  Code  Gb  att_server.o [8]
ATT_ReadReq             0x0000eef9     0xc  Code  Gb  att_client.o [8]
ATT_ReadRsp             0x0000f0cd    0x14  Code  Gb  att_server.o [8]
ATT_RegisterClient      0x0000ee7d     0x6  Code  Gb  att_client.o [8]
ATT_RegisterServer      0x0000f021     0x6  Code  Gb  att_server.o [8]
ATT_UpdateMTU           0x0001625b    0x2a  Code  Gb  att_util.o [8]
ATT_WriteReq            0x0000ef55    0x48  Code  Gb  att_client.o [8]
ATT_WriteRsp            0x0000f145     0xc  Code  Gb  att_server.o [8]
AddRoundKeySubBytes_Sw {Abs}
                        0x10016c29    0x1a  Code  Gb  ble_rom_patch.symbols [2]
AesCcm_authEncrypt_Sw {Abs}
                        0x10018a19    0x1a  Code  Gb  ble_rom_patch.symbols [2]
AesCcm_decryptAuth_Sw {Abs}
                        0x10018a35    0x18  Code  Gb  ble_rom_patch.symbols [2]
AesCcm_getNumBlocks_Sw {Abs}
                        0x10018b09     0x4  Code  Gb  ble_rom_patch.symbols [2]
Aes_decrypt_Sw {Abs}    0x10018ac5    0x2a  Code  Gb  ble_rom_patch.symbols [2]
Aes_encrypt_Sw {Abs}    0x10018a99    0x2a  Code  Gb  ble_rom_patch.symbols [2]
COMMON_RAM_BASE_ADDR {Abs}
                        0x20004f2c           --   Gb  ble_rom_patch.symbols [2]
COMMON_ROM_BASE_ADDR {Abs}
                        0x10014c01           --   Gb  ble_rom_patch.symbols [2]
CommonROM_Init          0x0001c5af    0x1c  Code  Gb  rom_jt.o [1]
ENTRY$$Base             0x0000da50           --   Gb  - Linker created -
ENTRY$$Limit            0x0000da80           --   Gb  - Linker created -
FFMult_Sw {Abs}         0x10016d05    0x22  Code  Gb  ble_rom_patch.symbols [2]
Fill1_1 {Abs}           0x1000d9ec   0x610   --   Gb  ble_rom_patch.symbols [2]
GAPBondMgr_CheckNVLen   0x00010231    0x36  Code  Gb  gapbondmgr.o [1]
GAPBondMgr_GetParameter
                        0x0000f74d    0xa8  Code  Gb  gapbondmgr.o [1]
GAPBondMgr_Init         0x000100d3    0x2e  Code  Gb  gapbondmgr.o [1]
GAPBondMgr_LinkEst      0x0000f7f5    0xf4  Code  Gb  gapbondmgr.o [1]
GAPBondMgr_LinkTerm     0x0000f8e9    0x50  Code  Gb  gapbondmgr.o [1]
GAPBondMgr_PasscodeRsp  0x0000fae7    0x30  Code  Gb  gapbondmgr.o [1]
GAPBondMgr_ProcessEvent
                        0x00010101   0x128  Code  Gb  gapbondmgr.o [1]
GAPBondMgr_ProcessGAPMsg
                        0x0000fb17   0x1a8  Code  Gb  gapbondmgr.o [1]
GAPBondMgr_Register     0x0000facd    0x1a  Code  Gb  gapbondmgr.o [1]
GAPBondMgr_ResolveAddr  0x0000f9bf    0xc0  Code  Gb  gapbondmgr.o [1]
GAPBondMgr_SetParameter
                        0x0000f5a5   0x1a8  Code  Gb  gapbondmgr.o [1]
GAPBondMgr_SlaveReqSecurity
                        0x0000f939    0x86  Code  Gb  gapbondmgr.o [1]
GAPBondMgr_UpdateCharCfg
                        0x0000fa7f    0x4e  Code  Gb  gapbondmgr.o [1]
GAP_Authenticate        0x000146f5    0x9c  Code  Gb  gap_linkmgr.o [8]
GAP_Bond                0x0001482f    0x76  Code  Gb  gap_linkmgr.o [8]
GAP_CentConnRegister    0x00014079    0x10  Code  Gb  gap_centlinkmgr.o [8]
GAP_CentDevMgrInit      0x00013af5    0x68  Code  Gb  gap_centdevmgr.o [8]
GAP_ConfigDeviceAddr    0x0001427f    0xcc  Code  Gb  gap_configmgr.o [8]
GAP_DeviceDiscoveryCancel
                        0x00013ac3    0x26  Code  Gb  gap_centdevmgr.o [8]
GAP_DeviceDiscoveryRequest
                        0x00013a39    0x8a  Code  Gb  gap_centdevmgr.o [8]
GAP_DeviceInit          0x000139e5    0x44  Code  Gb  gap.o [1]
GAP_EstablishLinkReq    0x00013f8d    0xec  Code  Gb  gap_centlinkmgr.o [8]
GAP_GetIRK              0x00014279     0x6  Code  Gb  gap_configmgr.o [8]
GAP_GetParamValue       0x00014203    0x12  Code  Gb  gap_configmgr.o [8]
GAP_Init                0x00015237    0x16  Code  Gb  gap_task.o [8]
GAP_NumActiveConnections
                        0x00015315     0x4  Code  Gb  gap_task.o [8]
GAP_ParamsInit          0x00014215    0x28  Code  Gb  gap_configmgr.o [8]
GAP_PasscodeUpdate      0x000147e3    0x4c  Code  Gb  gap_linkmgr.o [8]
GAP_PasskeyUpdate       0x000147af    0x34  Code  Gb  gap_linkmgr.o [8]
GAP_PrivacyInit         0x00014257    0x18  Code  Gb  gap_configmgr.o [8]
GAP_ProcessEvent        0x0001524d    0xc8  Code  Gb  gap_task.o [8]
GAP_RegisterBondMgrCBs  0x000154ef     0x6  Code  Gb  gap_task.o [8]
GAP_RegisterForMsgs     0x00015231     0x6  Code  Gb  gap_task.o [8]
GAP_ResolvePrivateAddr  0x00014e95     0x4  Code  Gb  gap_devmgr.o [8]
GAP_SecParamsInit       0x0001423d    0x1a  Code  Gb  gap_configmgr.o [8]
GAP_SetParamValue       0x000141e9    0x1a  Code  Gb  gap_configmgr.o [8]
GAP_Signable            0x000146ad    0x48  Code  Gb  gap_linkmgr.o [8]
GAP_TerminateAuth       0x00014791    0x1e  Code  Gb  gap_linkmgr.o [8]
GAP_TerminateLinkReq    0x00014539    0x7a  Code  Gb  gap_linkmgr.o [8]
GAP_UpdateLinkParamReq  0x000145b3    0x68  Code  Gb  gap_linkmgr.o [8]
GAP_UpdateLinkParamReqReply
                        0x0001461b    0x86  Code  Gb  gap_linkmgr.o [8]
GATTServApp_AddService  0x00012c77    0x16  Code  Gb  gattservapp.o [8]
GATTServApp_DeregisterService
                        0x00012b1b    0x44  Code  Gb  gattservapp.o [8]
GATTServApp_GetParameter
                        0x00012bbd    0x14  Code  Gb  gattservapp.o [8]
GATTServApp_Init        0x00012a39    0x4e  Code  Gb  gattservapp.o [8]
GATTServApp_InitCharCfg
                        0x000188f5    0x34  Code  Gb  gattservapp_util.o [1]
GATTServApp_ProcessEvent
                        0x00012a87    0x3e  Code  Gb  gattservapp.o [8]
GATTServApp_ReadAttr    0x000136ad   0x1f4  Code  Gb  gattservapp.o [8]
GATTServApp_ReadCharCfg
                        0x00018929     0xc  Code  Gb  gattservapp_util.o [1]
GATTServApp_RegisterForMsg
                        0x00012a31     0x8  Code  Gb  gattservapp.o [8]
GATTServApp_RegisterService
                        0x00012ac5    0x56  Code  Gb  gattservapp.o [8]
GATTServApp_SendCCCUpdatedEvent
                        0x0001399f    0x36  Code  Gb  gattservapp.o [8]
GATTServApp_SetParameter
                        0x00012b5f    0x5e  Code  Gb  gattservapp.o [8]
GATTServApp_TaskID      0x200047e0     0x1  Data  Gb  gattservapp.o [8]
GATTServApp_UpdateCharCfg
                        0x0001392d    0x1e  Code  Gb  gattservapp.o [8]
GATTServApp_WriteAttr   0x000138a5    0x7a  Code  Gb  gattservapp.o [8]
GATT_AppCompletedMsg    0x000108d7    0x28  Code  Gb  gatt_task.o [8]
GATT_DeregisterService  0x0001209d    0x40  Code  Gb  gatt_server.o [8]
GATT_DiscAllCharDescs   0x00011419    0x3c  Code  Gb  gatt_client.o [8]
GATT_DiscAllChars       0x000113e3    0x1a  Code  Gb  gatt_client.o [8]
GATT_DiscAllPrimaryServices
                        0x0001131b    0x4c  Code  Gb  gatt_client.o [8]
GATT_DiscCharsByUUID    0x00011413     0x6  Code  Gb  gatt_client.o [8]
GATT_DiscPrimaryServiceByUUID
                        0x00011367    0x62  Code  Gb  gatt_client.o [8]
GATT_ExchangeMTU        0x000112ef    0x2c  Code  Gb  gatt_client.o [8]
GATT_FindHandle         0x000121cd    0x4c  Code  Gb  gatt_server.o [8]
GATT_FindHandleUUID     0x0001216f    0x5e  Code  Gb  gatt_server.o [8]
GATT_FindIncludedServices
                        0x000113c9    0x1a  Code  Gb  gatt_client.o [8]
GATT_FindNextAttr       0x00012219    0x7a  Code  Gb  gatt_server.o [8]
GATT_Indication         0x0001236d    0x6c  Code  Gb  gatt_server.o [8]
GATT_Init               0x000108ff    0x1e  Code  Gb  gatt_task.o [8]
GATT_InitClient         0x00011265    0x82  Code  Gb  gatt_client.o [8]
GATT_InitServer         0x00011f99    0x68  Code  Gb  gatt_server.o [8]
GATT_Notification       0x000123d9    0x4a  Code  Gb  gatt_server.o [8]
GATT_NotifyEvent        0x00010a69    0x14  Code  Gb  gatt_task.o [8]
GATT_ProcessEvent       0x0001091d    0x30  Code  Gb  gatt_task.o [8]
GATT_ReadCharDesc       0x00011569     0x2  Code  Gb  gatt_client.o [8]
GATT_ReadCharValue      0x00011455     0x2  Code  Gb  gatt_client.o [8]
GATT_ReadLongCharDesc   0x0001156b     0x2  Code  Gb  gatt_client.o [8]
GATT_ReadLongCharValue  0x0001145d     0x2  Code  Gb  gatt_client.o [8]
GATT_ReadMultiCharValues
                        0x0001145f    0x2c  Code  Gb  gatt_client.o [8]
GATT_ReadUsingCharUUID  0x00011457     0x6  Code  Gb  gatt_client.o [8]
GATT_RegisterForInd     0x000112e7     0x8  Code  Gb  gatt_client.o [8]
GATT_RegisterForMsgs    0x000108c5     0x6  Code  Gb  gatt_task.o [8]
GATT_RegisterForReq     0x000120dd     0x8  Code  Gb  gatt_server.o [8]
GATT_RegisterService    0x00012001    0x9c  Code  Gb  gatt_server.o [8]
GATT_ReliableWrites     0x000114db    0x8e  Code  Gb  gatt_client.o [8]
GATT_SendRsp            0x000122b9    0xb4  Code  Gb  gatt_server.o [8]
GATT_ServiceEncKeySize  0x000122a9    0x10  Code  Gb  gatt_server.o [8]
GATT_ServiceNumAttrs    0x0001229d     0xc  Code  Gb  gatt_server.o [8]
GATT_SetHostToAppFlowCtrl
                        0x000108cb     0xc  Code  Gb  gatt_task.o [8]
GATT_SignedWriteNoRsp   0x000114a7    0x1c  Code  Gb  gatt_client.o [8]
GATT_UpdateMTU          0x00010a7d    0x26  Code  Gb  gatt_task.o [8]
GATT_VerifyReadPermissions
                        0x000120e5    0x36  Code  Gb  gatt_server.o [8]
GATT_VerifyWritePermissions
                        0x0001211b    0x54  Code  Gb  gatt_server.o [8]
GATT_WriteCharDesc      0x0001156d     0x2  Code  Gb  gatt_client.o [8]
GATT_WriteCharValue     0x000114d7     0x2  Code  Gb  gatt_client.o [8]
GATT_WriteLongCharDesc  0x0001156f     0x2  Code  Gb  gatt_client.o [8]
GATT_WriteLongCharValue
                        0x000114d9     0x2  Code  Gb  gatt_client.o [8]
GATT_WriteNoRsp         0x0001148b    0x1c  Code  Gb  gatt_client.o [8]
GATT_bm_alloc           0x00010b25    0x78  Code  Gb  gatt_task.o [8]
GATT_bm_free            0x00010b9d    0x12  Code  Gb  gatt_task.o [8]
GGS_AddService          0x00014fd5    0x18  Code  Gb  gapgattserver.o [8]
GGS_GetParameter        0x00014fad    0x28  Code  Gb  gapgattserver.o [8]
GGS_RegisterAppCBs      0x00014fed     0x6  Code  Gb  gapgattserver.o [8]
GGS_SetParameter        0x00014f45    0x68  Code  Gb  gapgattserver.o [8]
HCI_CommandCompleteEvent {Abs}
                        0x10008add    0xac  Code  Gb  ble_rom_patch.symbols [2]
HCI_CommandStatusEvent {Abs}
                        0x10008ba1    0x54  Code  Gb  ble_rom_patch.symbols [2]
HCI_DataBufferOverflowEvent {Abs}
                        0x10008a2d    0x24  Code  Gb  ble_rom_patch.symbols [2]
HCI_DisconnectCmd {Abs}
                        0x10009525    0x1a  Code  Gb  ble_rom_patch.symbols [2]
HCI_EXT_BuildRevisionCmd {Abs}
                        0x1000a109    0x4a  Code  Gb  ble_rom_patch.symbols [2]
HCI_EXT_ClkDivOnHaltCmd {Abs}
                        0x10009d79    0x1e  Code  Gb  ble_rom_patch.symbols [2]
HCI_EXT_ConnEventNoticeCmd
                        0x0000f49f     0x4  Code  Gb  hci_patch.o [4]
HCI_EXT_DeclareNvUsageCmd {Abs}
                        0x10009dad    0x22  Code  Gb  ble_rom_patch.symbols [2]
HCI_EXT_DecryptCmd {Abs}
                        0x10009dd1    0x5a  Code  Gb  ble_rom_patch.symbols [2]
HCI_EXT_DelaySleepCmd   0x0000f47b    0x1c  Code  Gb  hci_patch.o [4]
HCI_EXT_DisconnectImmedCmd {Abs}
                        0x1000a011    0x1e  Code  Gb  ble_rom_patch.symbols [2]
HCI_EXT_EnablePTMCmd {Abs}
                        0x10009f69    0x16  Code  Gb  ble_rom_patch.symbols [2]
HCI_EXT_EndModemTestCmd {Abs}
                        0x10009eed    0x1e  Code  Gb  ble_rom_patch.symbols [2]
HCI_EXT_ExtendRfRangeCmd {Abs}
                        0x1000a095    0x3a  Code  Gb  ble_rom_patch.symbols [2]
HCI_EXT_GetConnInfoCmd  0x0000f29f    0x8e  Code  Gb  hci_patch.o [4]
HCI_EXT_HaltDuringRfCmd {Abs}
                        0x1000a0d1    0x1e  Code  Gb  ble_rom_patch.symbols [2]
HCI_EXT_MapPmIoPortCmd {Abs}
                        0x10009ff1    0x1e  Code  Gb  ble_rom_patch.symbols [2]
HCI_EXT_ModemHopTestTxCmd {Abs}
                        0x10009ead    0x1e  Code  Gb  ble_rom_patch.symbols [2]
HCI_EXT_ModemTestRxCmd {Abs}
                        0x10009ecd    0x1e  Code  Gb  ble_rom_patch.symbols [2]
HCI_EXT_ModemTestTxCmd {Abs}
                        0x10009e8d    0x1e  Code  Gb  ble_rom_patch.symbols [2]
HCI_EXT_NumComplPktsLimitCmd {Abs}
                        0x1000a1b5    0x1e  Code  Gb  ble_rom_patch.symbols [2]
HCI_EXT_OnePktPerEvtCmd {Abs}
                        0x10009d45    0x26  Code  Gb  ble_rom_patch.symbols [2]
HCI_EXT_OverlappedProcessingCmd {Abs}
                        0x1000a195    0x1e  Code  Gb  ble_rom_patch.symbols [2]
HCI_EXT_PERbyChanCmd {Abs}
                        0x1000a075    0x1e  Code  Gb  ble_rom_patch.symbols [2]
HCI_EXT_PacketErrorRateCmd {Abs}
                        0x1000a031    0x36  Code  Gb  ble_rom_patch.symbols [2]
HCI_EXT_ResetSystemCmd  0x0000f455    0x26  Code  Gb  hci_patch.o [4]
HCI_EXT_SaveFreqTuneCmd {Abs}
                        0x10009fb1    0x1e  Code  Gb  ble_rom_patch.symbols [2]
HCI_EXT_SetBDADDRCmd {Abs}
                        0x10009f0d    0x3a  Code  Gb  ble_rom_patch.symbols [2]
HCI_EXT_SetFreqTuneCmd {Abs}
                        0x10009f81    0x1e  Code  Gb  ble_rom_patch.symbols [2]
HCI_EXT_SetLocalSupportedFeaturesCmd {Abs}
                        0x10009e2d    0x1e  Code  Gb  ble_rom_patch.symbols [2]
HCI_EXT_SetMaxDtmTxPowerCmd {Abs}
                        0x10009fd1    0x1e  Code  Gb  ble_rom_patch.symbols [2]
HCI_EXT_SetRxGainCmd {Abs}
                        0x10009cd5    0x34  Code  Gb  ble_rom_patch.symbols [2]
HCI_EXT_SetSCACmd {Abs}
                        0x10009f49    0x1e  Code  Gb  ble_rom_patch.symbols [2]
HCI_EXT_SetTxPowerCmd {Abs}
                        0x10009d09    0x3a  Code  Gb  ble_rom_patch.symbols [2]
HCI_GAPTaskRegister     0x00019d15     0x6  Code  Gb  hci_tl.o [5]
HCI_HardwareErrorEvent  0x000184f9    0x56  Code  Gb  hci_event_patch.o [4]
HCI_HostBufferSizeCmd {Abs}
                        0x10009631    0x2c  Code  Gb  ble_rom_patch.symbols [2]
HCI_HostNumCompletedPktCmd {Abs}
                        0x1000965d    0x5a  Code  Gb  ble_rom_patch.symbols [2]
HCI_Init                0x00019cc5    0x1e  Code  Gb  hci_tl.o [5]
HCI_L2CAPTaskRegister   0x00019d1b     0x6  Code  Gb  hci_tl.o [5]
HCI_LE_AddWhiteListCmd {Abs}
                        0x10009a15    0x1c  Code  Gb  ble_rom_patch.symbols [2]
HCI_LE_ClearWhiteListCmd {Abs}
                        0x100099f9    0x1c  Code  Gb  ble_rom_patch.symbols [2]
HCI_LE_ConnUpdateCmd    0x0000f433    0x1c  Code  Gb  hci_patch.o [4]
HCI_LE_CreateConnCancelCmd {Abs}
                        0x1000999d    0x1c  Code  Gb  ble_rom_patch.symbols [2]
HCI_LE_CreateConnCmd {Abs}
                        0x1000995d    0x40  Code  Gb  ble_rom_patch.symbols [2]
HCI_LE_EncryptCmd {Abs}
                        0x10009af5    0x40  Code  Gb  ble_rom_patch.symbols [2]
HCI_LE_RandCmd {Abs}    0x10009b51    0x3c  Code  Gb  ble_rom_patch.symbols [2]
HCI_LE_ReadBufSizeCmd   0x0000f335    0x26  Code  Gb  hci_patch.o [4]
HCI_LE_ReadChannelMapCmd {Abs}
                        0x10009aa1    0x36  Code  Gb  ble_rom_patch.symbols [2]
HCI_LE_ReadLocalSupportedFeaturesCmd {Abs}
                        0x10009829    0x1e  Code  Gb  ble_rom_patch.symbols [2]
HCI_LE_ReadRemoteUsedFeaturesCmd
                        0x0000f3bd    0x2a  Code  Gb  hci_patch.o [4]
HCI_LE_ReadSupportedStatesCmd {Abs}
                        0x10009c15    0x22  Code  Gb  ble_rom_patch.symbols [2]
HCI_LE_ReadWhiteListSizeCmd {Abs}
                        0x100099c9    0x20  Code  Gb  ble_rom_patch.symbols [2]
HCI_LE_ReceiverTestCmd  0x0000f3f9    0x12  Code  Gb  hci_patch.o [4]
HCI_LE_RemoteConnParamReqNegReplyCmd
                        0x0000f395    0x14  Code  Gb  hci_patch.o [4]
HCI_LE_RemoteConnParamReqReplyCmd
                        0x0000f363    0x32  Code  Gb  hci_patch.o [4]
HCI_LE_RemoveWhiteListCmd {Abs}
                        0x10009a31    0x1c  Code  Gb  ble_rom_patch.symbols [2]
HCI_LE_SetAdvParamCmd {Abs}
                        0x1000986d    0x34  Code  Gb  ble_rom_patch.symbols [2]
HCI_LE_SetEventMaskCmd  0x0000f4a3    0x1e  Code  Gb  hci_patch.o [4]
HCI_LE_SetHostChanClassificationCmd {Abs}
                        0x10009a85    0x1c  Code  Gb  ble_rom_patch.symbols [2]
HCI_LE_SetRandomAddressCmd {Abs}
                        0x10009849    0x24  Code  Gb  ble_rom_patch.symbols [2]
HCI_LE_SetScanEnableCmd {Abs}
                        0x10009941    0x1c  Code  Gb  ble_rom_patch.symbols [2]
HCI_LE_SetScanParamCmd {Abs}
                        0x10009915    0x2a  Code  Gb  ble_rom_patch.symbols [2]
HCI_LE_StartEncyptCmd {Abs}
                        0x10009ba9    0x1c  Code  Gb  ble_rom_patch.symbols [2]
HCI_LE_TestEndCmd {Abs}
                        0x10009c8d    0x32  Code  Gb  ble_rom_patch.symbols [2]
HCI_LE_TransmitterTestCmd
                        0x0000f3e7    0x12  Code  Gb  hci_patch.o [4]
HCI_NumOfCompletedPacketsEvent
                        0x00018075    0xc0  Code  Gb  hci_event_patch.o [4]
HCI_ProcessEvent        0x00019ce3    0x32  Code  Gb  hci_tl.o [5]
HCI_ReadBDADDRCmd {Abs}
                        0x10009765    0x26  Code  Gb  ble_rom_patch.symbols [2]
HCI_ReadLocalSupportedCommandsCmd
                        0x0000f28b    0x14  Code  Gb  hci_patch.o [4]
HCI_ReadLocalSupportedFeaturesCmd {Abs}
                        0x1000973d    0x20  Code  Gb  ble_rom_patch.symbols [2]
HCI_ReadLocalVersionInfoCmd
                        0x0000f4dd    0x58  Code  Gb  hci_patch.o [4]
HCI_ReadRemoteVersionInfoCmd {Abs}
                        0x10009541    0x30  Code  Gb  ble_rom_patch.symbols [2]
HCI_ReadRssiCmd         0x0000f535    0x1a  Code  Gb  hci_patch.o [4]
HCI_ReadTransmitPowerLevelCmd {Abs}
                        0x100095d1    0x22  Code  Gb  ble_rom_patch.symbols [2]
HCI_ResetCmd            0x0000f269    0x22  Code  Gb  hci_patch.o [4]
HCI_ReverseBytes {Abs}  0x1000d7cd    0x1e  Code  Gb  ble_rom_patch.symbols [2]
HCI_SMPTaskRegister     0x00019d21     0x6  Code  Gb  hci_tl.o [5]
HCI_SendCommandCompleteEvent {Abs}
                        0x10008c81    0xb0  Code  Gb  ble_rom_patch.symbols [2]
HCI_SendCommandStatusEvent {Abs}
                        0x10008c59    0x28  Code  Gb  ble_rom_patch.symbols [2]
HCI_SendControllerToHostEvent {Abs}
                        0x10008d31    0x50  Code  Gb  ble_rom_patch.symbols [2]
HCI_SendDataPkt {Abs}   0x100094e9    0x3a  Code  Gb  ble_rom_patch.symbols [2]
HCI_SetControllerToHostFlowCtrlCmd {Abs}
                        0x100095f5    0x3c  Code  Gb  ble_rom_patch.symbols [2]
HCI_SetEventMaskCmd {Abs}
                        0x10009571    0x2c  Code  Gb  ble_rom_patch.symbols [2]
HCI_SetEventMaskPage2Cmd
                        0x0000f40b    0x1e  Code  Gb  hci_patch.o [4]
HCI_ValidConnTimeParams
                        0x0000f22d    0x3c  Code  Gb  hci_patch.o [4]
HCI_VendorSpecifcCommandCompleteEvent
                        0x0001849b    0x5e  Code  Gb  hci_event_patch.o [4]
HCI_bm_alloc {Abs}      0x100094a1     0xc  Code  Gb  ble_rom_patch.symbols [2]
HalFlashGetAddress      0x000185cf    0x16  Code  Gb  hal_flash_wrapper.o [1]
HalFlashRead            0x0001858d    0x30  Code  Gb  hal_flash_wrapper.o [1]
HalFlashWrite           0x000185c5     0xa  Code  Gb  hal_flash_wrapper.o [1]
HalTRNG_GetTRNG         0x0001a2a5    0x2e  Code  Gb  hal_trng_wrapper.o [1]
HalTRNG_InitTRNG        0x0001a289    0x1c  Code  Gb  hal_trng_wrapper.o [1]
ICall_abort             0x0000e699    0x14  Code  Lc  osal.o [1]
ICall_dispatcher        0x20004780     0x4  Data  Gb  icall_startup.o [1]
ICall_enrollService     0x00015c21    0x30  Code  Lc  osal_icall_ble.o [1]
ICall_enterCriticalSection
                        0x20004784     0x4  Data  Gb  icall_startup.o [1]
ICall_getTicks          0x000158e9    0x1c  Code  Lc  osal_timers.o [1]
ICall_leaveCriticalSection
                        0x20004788     0x4  Data  Gb  icall_startup.o [1]
ICall_pwrDispense       0x0001c2b5     0xe  Code  Lc  ll_enc_patch.o [4]
ICall_pwrRequire        0x0001c2a5    0x10  Code  Lc  ll_enc_patch.o [4]
ICall_pwrUpdActivityCounter
                        0x00015b81    0x22  Code  Lc  osal_pwrmgr.o [1]
ICall_send              0x0000e66f    0x2a  Code  Lc  osal.o [1]
ICall_signal            0x0000e651    0x1e  Code  Lc  osal.o [1]
IOCapMatrix             0x00019678    0x1c  Data  Lc  sm_pairing.o [8]
IntMasterDisable        0x0001c571     0x6  Code  Lc  rom_jt.o [1]
IntMasterEnable         0x0001c569     0x8  Code  Lc  rom_jt.o [1]
InvAddRoundKey_Sw {Abs}
                        0x10016da1    0x26  Code  Gb  ble_rom_patch.symbols [2]
InvMixColumns_Sw {Abs}  0x10016ed5    0x70  Code  Gb  ble_rom_patch.symbols [2]
InvRoundKey_Sw {Abs}    0x10016dc9    0xc4  Code  Gb  ble_rom_patch.symbols [2]
InvShiftRows_Sw {Abs}   0x10016ea1    0x32  Code  Gb  ble_rom_patch.symbols [2]
InvSubBytes_Sw {Abs}    0x10016e8d    0x14  Code  Gb  ble_rom_patch.symbols [2]
L2CAP_BuildCmdReject    0x00010e3d    0x3e  Code  Gb  l2cap_util.o [8]
L2CAP_BuildParamUpdateRsp
                        0x00010f21     0x2  Code  Gb  l2cap_util.o [8]
L2CAP_CmdReject         0x0000eda5     0xe  Code  Gb  l2cap_if.o [8]
L2CAP_ConnParamUpdateReq
                        0x0000edb3    0x36  Code  Gb  l2cap_if.o [8]
L2CAP_ConnParamUpdateRsp
                        0x0000ede9     0xc  Code  Gb  l2cap_if.o [8]
L2CAP_GetMTU            0x0000ee57     0x6  Code  Gb  l2cap_if.o [8]
L2CAP_HostNumCompletedPkts
                        0x0000ee35    0x16  Code  Gb  l2cap_if.o [8]
L2CAP_Init              0x00019e81    0x62  Code  Gb  l2cap_task.o [8]
L2CAP_ParseParamUpdateReq
                        0x00010ee7    0x3a  Code  Gb  l2cap_util.o [8]
L2CAP_ProcessEvent      0x00019ee3    0x6e  Code  Gb  l2cap_task.o [8]
L2CAP_RegisterApp       0x0000ed19    0x2a  Code  Gb  l2cap_if.o [8]
L2CAP_SendData          0x0000ed43    0x62  Code  Gb  l2cap_if.o [8]
L2CAP_SetBufSize        0x0000ee4b     0xc  Code  Gb  l2cap_if.o [8]
L2CAP_SetControllerToHostFlowCtrl
                        0x0000edfb    0x3a  Code  Gb  l2cap_if.o [8]
L2CAP_SetUserConfig     0x0000ee79     0x2  Code  Gb  l2cap_if.o [8]
L2CAP_bm_alloc          0x0001117d    0x1a  Code  Gb  l2cap_util.o [8]
LL_AddWhiteListDevice {Abs}
                        0x10005739    0x2a  Code  Gb  ble_rom_patch.symbols [2]
LL_AdvReportCback {Abs}
                        0x10008d81   0x120  Code  Gb  ble_rom_patch.symbols [2]
LL_AuthPayloadTimeoutExpiredCback
                        0x00018157    0x60  Code  Gb  hci_event_patch.o [4]
LL_ChanMapUpdate        0x00017d19    0x8e  Code  Gb  ll_patch.o [4]
LL_ClearWhiteList {Abs}
                        0x10005719    0x20  Code  Gb  ble_rom_patch.symbols [2]
LL_ConnActive {Abs}     0x1000678d    0x2e  Code  Gb  ble_rom_patch.symbols [2]
LL_ConnParamUpdateCback
                        0x00017f85    0x84  Code  Gb  hci_event_patch.o [4]
LL_ConnUpdate           0x00017841    0xd8  Code  Gb  ll_patch.o [4]
LL_ConnectionCompleteCback {Abs}
                        0x10008ead   0x140  Code  Gb  ble_rom_patch.symbols [2]
LL_CreateConn           0x00017a81   0x21a  Code  Gb  ll_patch.o [4]
LL_CreateConnCancel     0x00017c9b    0x76  Code  Gb  ll_patch.o [4]
LL_CtrlToHostFlowControl {Abs}
                        0x100058d5    0x14  Code  Gb  ble_rom_patch.symbols [2]
LL_DirectTestEnd        0x000176d1    0x7a  Code  Gb  ll_patch.o [4]
LL_DirectTestEndDoneCback {Abs}
                        0x10009471    0x24  Code  Gb  ble_rom_patch.symbols [2]
LL_DirectTestRxTest     0x000175e5    0xca  Code  Gb  ll_patch.o [4]
LL_DirectTestTxTest     0x0001744d   0x170  Code  Gb  ll_patch.o [4]
LL_Disconnect {Abs}     0x10005a39    0x66  Code  Gb  ble_rom_patch.symbols [2]
LL_DisconnectCback {Abs}
                        0x10009005    0x80  Code  Gb  ble_rom_patch.symbols [2]
LL_DoorbellErrorCback   0x0001d933    0x10  Code  Gb  ll_isr.o [4]
LL_ENC_AES128_Decrypt {Abs}
                        0x1000b639    0x40  Code  Gb  ble_rom_patch.symbols [2]
LL_ENC_AES128_Encrypt {Abs}
                        0x1000b5f5    0x42  Code  Gb  ble_rom_patch.symbols [2]
LL_ENC_Decrypt          0x0001c33f    0x9e  Code  Gb  ll_enc_patch.o [4]
LL_ENC_DecryptMsg {Abs}
                        0x1000b851   0x112  Code  Gb  ble_rom_patch.symbols [2]
LL_ENC_Encrypt          0x0001c2d1    0x6e  Code  Gb  ll_enc_patch.o [4]
LL_ENC_EncryptMsg {Abs}
                        0x1000b721   0x12e  Code  Gb  ble_rom_patch.symbols [2]
LL_ENC_GenDeviceIV {Abs}
                        0x1000b555    0x14  Code  Gb  ble_rom_patch.symbols [2]
LL_ENC_GenDeviceSKD {Abs}
                        0x1000b541    0x12  Code  Gb  ble_rom_patch.symbols [2]
LL_ENC_GenerateNonce {Abs}
                        0x1000b569    0x22  Code  Gb  ble_rom_patch.symbols [2]
LL_ENC_GeneratePseudoRandNum {Abs}
                        0x1000b50d    0x10  Code  Gb  ble_rom_patch.symbols [2]
LL_ENC_GenerateTrueRandNum {Abs}
                        0x1000b51d    0x22  Code  Gb  ble_rom_patch.symbols [2]
LL_ENC_Init {Abs}       0x1000b4c9    0x22  Code  Gb  ble_rom_patch.symbols [2]
LL_ENC_LoadKey {Abs}    0x1000b58d    0x68  Code  Gb  ble_rom_patch.symbols [2]
LL_ENC_ReverseBytes {Abs}
                        0x1000b4ed    0x1e  Code  Gb  ble_rom_patch.symbols [2]
LL_EXT_BuildRevision    0x00017ea5    0x28  Code  Gb  ll_patch.o [4]
LL_EXT_ClkDivOnHalt {Abs}
                        0x10006b7d     0x4  Code  Gb  ble_rom_patch.symbols [2]
LL_EXT_ConnEventNotice  0x00017e41    0x24  Code  Gb  ll_patch.o [4]
LL_EXT_DeclareNvUsage {Abs}
                        0x10006b81     0x4  Code  Gb  ble_rom_patch.symbols [2]
LL_EXT_Decrypt {Abs}    0x10006b85    0x20  Code  Gb  ble_rom_patch.symbols [2]
LL_EXT_DelaySleep {Abs}
                        0x100070a1    0x32  Code  Gb  ble_rom_patch.symbols [2]
LL_EXT_EndModemTest     0x00017413    0x26  Code  Gb  ll_patch.o [4]
LL_EXT_ExtendRfRange {Abs}
                        0x1000701d     0x4  Code  Gb  ble_rom_patch.symbols [2]
LL_EXT_ExtendRfRangeCback {Abs}
                        0x1000a2ad    0x10  Code  Gb  ble_rom_patch.symbols [2]
LL_EXT_GetConnInfo      0x00016f05    0xa4  Code  Gb  ll_patch.o [4]
LL_EXT_HaltDuringRf {Abs}
                        0x10007021     0x4  Code  Gb  ble_rom_patch.symbols [2]
LL_EXT_MapPmIoPort {Abs}
                        0x10006f49     0x4  Code  Gb  ble_rom_patch.symbols [2]
LL_EXT_ModemHopTestTx   0x0001725d    0x9a  Code  Gb  ll_patch.o [4]
LL_EXT_ModemTestRx      0x0001737b    0x70  Code  Gb  ll_patch.o [4]
LL_EXT_ModemTestTx      0x000172f7    0x7e  Code  Gb  ll_patch.o [4]
LL_EXT_NumComplPktsLimit
                        0x00017e7d    0x22  Code  Gb  ll_patch.o [4]
LL_EXT_OnePacketPerEvent {Abs}
                        0x10006b59    0x20  Code  Gb  ble_rom_patch.symbols [2]
LL_EXT_OverlappedProcessing {Abs}
                        0x10007109     0x4  Code  Gb  ble_rom_patch.symbols [2]
LL_EXT_PERbyChan {Abs}  0x10006fed    0x1e  Code  Gb  ble_rom_patch.symbols [2]
LL_EXT_PacketErrorRate {Abs}
                        0x10006f99    0x52  Code  Gb  ble_rom_patch.symbols [2]
LL_EXT_PacketErrorRateCback {Abs}
                        0x1000a259    0x52  Code  Gb  ble_rom_patch.symbols [2]
LL_EXT_ResetSystem {Abs}
                        0x100070d5    0x34  Code  Gb  ble_rom_patch.symbols [2]
LL_EXT_SaveFreqTune {Abs}
                        0x10006efd     0x4  Code  Gb  ble_rom_patch.symbols [2]
LL_EXT_SetBDADDR {Abs}  0x10006e01    0x82  Code  Gb  ble_rom_patch.symbols [2]
LL_EXT_SetFreqTune {Abs}
                        0x10006ef9     0x4  Code  Gb  ble_rom_patch.symbols [2]
LL_EXT_SetLocalSupportedFeatures
                        0x000170ed    0x32  Code  Gb  ll_patch.o [4]
LL_EXT_SetMaxDtmTxPower
                        0x00017151    0x16  Code  Gb  ll_patch.o [4]
LL_EXT_SetRxGain {Abs}  0x10006ad9     0xe  Code  Gb  ble_rom_patch.symbols [2]
LL_EXT_SetRxGainCback {Abs}
                        0x1000a201    0x10  Code  Gb  ble_rom_patch.symbols [2]
LL_EXT_SetSCA {Abs}     0x10006e85    0x74  Code  Gb  ble_rom_patch.symbols [2]
LL_EXT_SetTxPower       0x0001711f    0x2c  Code  Gb  ll_patch.o [4]
LL_EXT_SetTxPowerCback {Abs}
                        0x1000a211    0x10  Code  Gb  ble_rom_patch.symbols [2]
LL_EncChangeCback {Abs}
                        0x1000933d    0x6a  Code  Gb  ble_rom_patch.symbols [2]
LL_EncKeyRefreshCback {Abs}
                        0x100093dd    0x6a  Code  Gb  ble_rom_patch.symbols [2]
LL_Encrypt {Abs}        0x100057d5    0x20  Code  Gb  ble_rom_patch.symbols [2]
LL_EnhancedConnectionCompleteCback
                        0x00018287   0x1da  Code  Gb  hci_event_patch.o [4]
LL_GetNumActiveConns    0x00017ddd     0xc  Code  Gb  ll_patch.o [4]
LL_Init                 0x00016a21   0x2da  Code  Gb  ll_patch.o [4]
LL_LastCmdDoneCback     0x0001d945   0x20e  Code  Gb  ll_isr.o [4]
LL_NumEmptyWlEntries {Abs}
                        0x100057b9    0x14  Code  Gb  ble_rom_patch.symbols [2]
LL_PM_Enter_AES         0x0001bbb1    0x16  Code  Gb  ll_sleep.o [4]
LL_PM_Exit_AES          0x0001bbc7    0x12  Code  Gb  ll_sleep.o [4]
LL_PM_GetRfCoreState    0x0001bbad     0x4  Code  Gb  ll_sleep.o [4]
LL_PM_PowerOffRfCore    0x0001bbf1     0x2  Code  Gb  ll_sleep.o [4]
LL_ProcessEvent         0x00016d2b   0x10e  Code  Gb  ll_patch.o [4]
LL_PseudoRand {Abs}     0x10005801    0x2c  Code  Gb  ble_rom_patch.symbols [2]
LL_RX_bm_alloc {Abs}    0x1000556d    0x22  Code  Gb  ble_rom_patch.symbols [2]
LL_Rand {Abs}           0x100057f5     0xc  Code  Gb  ble_rom_patch.symbols [2]
LL_RandCback {Abs}      0x1000a1d5    0x2a  Code  Gb  ble_rom_patch.symbols [2]
LL_ReadBDADDR {Abs}     0x100056c9    0x20  Code  Gb  ble_rom_patch.symbols [2]
LL_ReadChanMap {Abs}    0x100059a1    0x34  Code  Gb  ble_rom_patch.symbols [2]
LL_ReadLocalSupportedFeatures {Abs}
                        0x10005879    0x24  Code  Gb  ble_rom_patch.symbols [2]
LL_ReadLocalVersionInfo {Abs}
                        0x1000589d    0x38  Code  Gb  ble_rom_patch.symbols [2]
LL_ReadRemoteUsedFeatures
                        0x0001709f    0x4e  Code  Gb  ll_patch.o [4]
LL_ReadRemoteUsedFeaturesCompleteCback
                        0x00018009    0x60  Code  Gb  hci_event_patch.o [4]
LL_ReadRemoteVersionInfo {Abs}
                        0x100058e9    0x6a  Code  Gb  ble_rom_patch.symbols [2]
LL_ReadRemoteVersionInfoCback {Abs}
                        0x100091e1    0x6a  Code  Gb  ble_rom_patch.symbols [2]
LL_ReadRssi             0x00017de9    0x52  Code  Gb  ll_patch.o [4]
LL_ReadSupportedStates  0x00017dbb    0x22  Code  Gb  ll_patch.o [4]
LL_ReadTxPowerLevel     0x0001716d    0x3e  Code  Gb  ll_patch.o [4]
LL_ReadWlSize {Abs}     0x100057a1    0x16  Code  Gb  ble_rom_patch.symbols [2]
LL_RemoteConnParamReqCback
                        0x000181b7    0x9c  Code  Gb  hci_event_patch.o [4]
LL_RemoteConnParamReqNegReply
                        0x000177f1    0x3c  Code  Gb  ll_patch.o [4]
LL_RemoteConnParamReqReply
                        0x00017759    0x84  Code  Gb  ll_patch.o [4]
LL_RemoveWhiteListDevice {Abs}
                        0x10005765    0x2c  Code  Gb  ble_rom_patch.symbols [2]
LL_Reset                0x00016e39    0xcc  Code  Gb  ll_patch.o [4]
LL_RxDataCompleteCback  0x0001c409    0xa8  Code  Gb  hci_data_patch.o [4]
LL_RxEntryDoneCback     0x0001db6d   0x178  Code  Gb  ll_isr.o [4]
LL_SetRandomAddress {Abs}
                        0x100056e9    0x2e  Code  Gb  ble_rom_patch.symbols [2]
LL_SetScanControl       0x000179bd    0xa8  Code  Gb  ll_patch.o [4]
LL_SetScanParam         0x00017919    0x8a  Code  Gb  ll_patch.o [4]
LL_StartEncrypt         0x00016fc9    0xcc  Code  Gb  ll_patch.o [4]
LL_TX_bm_alloc {Abs}    0x10005549    0x22  Code  Gb  ble_rom_patch.symbols [2]
LL_TaskID {Abs}         0x20004c84     0x1  Data  Gb  ble_rom_patch.symbols [2]
LL_TxData               0x000171ab    0x9e  Code  Gb  ll_patch.o [4]
LL_TxEntryDoneCback     0x0001db53    0x1a  Code  Gb  ll_isr.o [4]
MixColumns_Sw {Abs}     0x10016c79    0x8a  Code  Gb  ble_rom_patch.symbols [2]
NOROM_CPUcpsid          0x0001ccc9     0x8  Code  Gb  cpu.o [7]
NOROM_CPUcpsie          0x0001ccd1     0x8  Code  Gb  cpu.o [7]
NOROM_FlashProgram      0x000185ef     0xc  Code  Gb  flash.o [7]
NOROM_FlashSectorErase  0x000185e5     0xa  Code  Gb  flash.o [7]
NOROM_IntDisable        0x0001cd4b    0x4e  Code  Gb  interrupt.o [7]
NOROM_IntEnable         0x0001ccfd    0x4e  Code  Gb  interrupt.o [7]
NOROM_TRNGConfigure     0x0001bb75    0x2c  Code  Gb  trng.o [7]
NOROM_VIMSModeGet       0x000186ed     0xe  Code  Gb  vims.o [7]
NVOCOP_compactNV        0x0001043f    0x38  Code  Gb  osal_snv_wrapper.o [1]
NVOCOP_initNV           0x000103fd    0x42  Code  Gb  osal_snv_wrapper.o [1]
NVOCOP_readItem         0x00010477    0x30  Code  Gb  osal_snv_wrapper.o [1]
NVOCOP_writeItem        0x000104a7    0xda  Code  Gb  osal_snv_wrapper.o [1]
NV_FLASH                0x0001e000  0x1000  Data  Gb  osal_snv_wrapper.o [1]
OSAL_timeSeconds        0x20004794     0x4  Data  Gb  osal_clock.o [1]
Onboard_rand            0x000108a5    0x10  Code  Gb  onboard.o [1]
Onboard_soft_reset      0x000108b5     0x2  Code  Gb  onboard.o [1]
P1_ro_1 {Abs}           0x10005004  0x89e8   --   Gb  ble_rom_patch.symbols [2]
P1_ro_2 {Abs}           0x10019ffe           --   Gb  ble_rom_patch.symbols [2]
P1_ro_2_1 {Abs}         0x1000dffe           --   Gb  ble_rom_patch.symbols [2]
P2_rw {Abs}             0x20004f40           --   Gb  ble_rom_patch.symbols [2]
P2_zi_1 {Abs}           0x200048fc   0x630   --   Gb  ble_rom_patch.symbols [2]
PAGE_SIZE {Abs}         0x00001000          Data  Gb  command line/config [3]
R2F_Flash_JT            0x0001c5f8    0xa8  Data  Gb  rom_jt.o [1]
R2F_Flash_JT_CommonROM  0x0001cbbc    0x18  Data  Gb  rom_jt.o [1]
R2R_Flash_JT            0x0001c6a0   0x51c  Data  Gb  rom_jt.o [1]
R2R_Flash_JT_CommonROM  0x0001cbd4    0xf4  Data  Gb  rom_jt.o [1]
RAM_BASE_ADDR {Abs}     0x200048e8           --   Gb  ble_rom_patch.symbols [2]
RFHAL_AddTxDataEntry    0x0001c1eb    0x60  Code  Gb  ble_patch.o [4]
RFHAL_AllocDataEntry {Abs}
                        0x100184f9    0x4e  Code  Gb  ble_rom_patch.symbols [2]
RFHAL_AllocDataEntryQueue {Abs}
                        0x100184a9    0x1a  Code  Gb  ble_rom_patch.symbols [2]
RFHAL_AllocRatChan {Abs}
                        0x10018315    0x26  Code  Gb  ble_rom_patch.symbols [2]
RFHAL_BuildDataEntryRingBuffer {Abs}
                        0x100185e1    0x7c  Code  Gb  ble_rom_patch.symbols [2]
RFHAL_BuildLinkedBuffer {Abs}
                        0x10018669    0x8e  Code  Gb  ble_rom_patch.symbols [2]
RFHAL_BuildRingBuffer {Abs}
                        0x10018551    0x90  Code  Gb  ble_rom_patch.symbols [2]
RFHAL_FreeDataEntry {Abs}
                        0x10018549     0x8  Code  Gb  ble_rom_patch.symbols [2]
RFHAL_FreeDataEntryQueue {Abs}
                        0x100184c5     0x8  Code  Gb  ble_rom_patch.symbols [2]
RFHAL_FreeNextTxDataEntry {Abs}
                        0x10018485    0x22  Code  Gb  ble_rom_patch.symbols [2]
RFHAL_FreeRatChan {Abs}
                        0x1001833d    0x2a  Code  Gb  ble_rom_patch.symbols [2]
RFHAL_GetNextDataEntry {Abs}
                        0x100184cd     0x4  Code  Gb  ble_rom_patch.symbols [2]
RFHAL_GetTempDataEntry {Abs}
                        0x100184d1     0x4  Code  Gb  ble_rom_patch.symbols [2]
RFHAL_InitDataQueue {Abs}
                        0x100183b9     0xc  Code  Gb  ble_rom_patch.symbols [2]
RFHAL_InitRfHal         0x0001c187    0x64  Code  Gb  ble_patch.o [4]
RFHAL_MapRatChansToInt {Abs}
                        0x10018369    0x26  Code  Gb  ble_rom_patch.symbols [2]
RFHAL_NextDataEntryDone {Abs}
                        0x100184d5    0x24  Code  Gb  ble_rom_patch.symbols [2]
RFHAL_RegisterRatChanCallback {Abs}
                        0x10018391    0x26  Code  Gb  ble_rom_patch.symbols [2]
ROCODE$$Base            0x0000da80           --   Gb  - Linker created -
ROCODE$$Limit           0x0001dfd6           --   Gb  - Linker created -
ROM_BASE_ADDR {Abs}     0x10005001           --   Gb  ble_rom_patch.symbols [2]
ROM_Init                0x0001c593    0x1c  Code  Gb  rom_jt.o [1]
ROM_Spinlock            0x0001c57f    0x14  Code  Gb  rom_jt.o [1]
ROSTK$$Base             0x0000da50           --   Gb  - Linker created -
ROSTK$$Limit            0x0001f000           --   Gb  - Linker created -
RWDATA$$Base            0x20004318           --   Gb  - Linker created -
RWDATA$$Limit           0x200048e4           --   Gb  - Linker created -
Region$$Table$$Base     0x0001de70           --   Gb  - Linker created -
Region$$Table$$Limit    0x0001de90           --   Gb  - Linker created -
RoundKey_Sw {Abs}       0x10016b79    0xb0  Code  Gb  ble_rom_patch.symbols [2]
SM_CalcRandomAddr       0x0001969d    0x38  Code  Gb  sm_mgr.o [8]
SM_GenerateAuthenSig    0x0001994b    0x9a  Code  Gb  sm_mgr.o [8]
SM_Init                 0x0001a12d    0x1c  Code  Gb  sm_task.o [8]
SM_InitiatorInit        0x00018969    0x1a  Code  Gb  sm_intpairing.o [8]
SM_PasskeyUpdate        0x00018f47    0x7e  Code  Gb  sm_pairing.o [8]
SM_ProcessEvent         0x0001a149    0xbc  Code  Gb  sm_task.o [8]
SM_ResolveRandomAddrs   0x000196d5    0x44  Code  Gb  sm_mgr.o [8]
SM_StartEncryption      0x00018983    0x56  Code  Gb  sm_intpairing.o [8]
SM_StartPairing         0x00018eb9    0x8e  Code  Gb  sm_pairing.o [8]
SM_VerifyAuthenSig      0x000199e5    0xd4  Code  Gb  sm_mgr.o [8]
SNVSECT$$Base           0x0001e000           --   Gb  - Linker created -
SNVSECT$$Limit          0x0001f000           --   Gb  - Linker created -
SSP_CCM_Auth_Encrypt_Sw {Abs}
                        0x10017895    0x5e  Code  Gb  ble_rom_patch.symbols [2]
SSP_CCM_Auth_Sw {Abs}   0x10017365   0x156  Code  Gb  ble_rom_patch.symbols [2]
SSP_CCM_Decrypt_Sw {Abs}
                        0x1001767d    0xd8  Code  Gb  ble_rom_patch.symbols [2]
SSP_CCM_Encrypt_Sw {Abs}
                        0x100174fd    0xd4  Code  Gb  ble_rom_patch.symbols [2]
SSP_CCM_InvAuth_Decrypt_Sw {Abs}
                        0x100178f5    0x5a  Code  Gb  ble_rom_patch.symbols [2]
SSP_CCM_InvAuth_Sw {Abs}
                        0x10017839    0x5c  Code  Gb  ble_rom_patch.symbols [2]
SSP_CTR_Decrypt_Sw {Abs}
                        0x10017771    0x8a  Code  Gb  ble_rom_patch.symbols [2]
SSP_CTR_Encrypt_Sw {Abs}
                        0x100175ed    0x88  Code  Gb  ble_rom_patch.symbols [2]
ShiftRows_Sw {Abs}      0x10016c45    0x32  Code  Gb  ble_rom_patch.symbols [2]
SysBootMsg              0x20004338     0x4  Data  Gb  ll_patch.o [4]
WL_AddEntry {Abs}       0x1000d2d9    0x94  Code  Gb  ble_rom_patch.symbols [2]
WL_Clear                0x0001c4b9    0x24  Code  Gb  ll_wl_patch.o [4]
WL_ClearEntry {Abs}     0x1000d1f5    0x32  Code  Gb  ble_rom_patch.symbols [2]
WL_ClearIgnoreList      0x0001c549    0x1e  Code  Gb  ll_wl_patch.o [4]
WL_FindEntry            0x0001c4e7    0x42  Code  Gb  ll_wl_patch.o [4]
WL_GetNumFreeEntries    0x0001c4dd     0xa  Code  Gb  ll_wl_patch.o [4]
WL_GetSize {Abs}        0x1000d229    0x12  Code  Gb  ble_rom_patch.symbols [2]
WL_Init {Abs}           0x1000d189    0x22  Code  Gb  ble_rom_patch.symbols [2]
WL_RemoveEntry {Abs}    0x1000d36d    0x5e  Code  Gb  ble_rom_patch.symbols [2]
WL_SetWlIgnore          0x0001c529    0x20  Code  Gb  ll_wl_patch.o [4]
__aeabi_ldiv0           0x0001bb71          Code  Gb  I64DivZer.o [9]
__aeabi_memclr          0x0001bba5          Code  Gb  ABImemclr.o [9]
__aeabi_memset          0x00015881          Code  Gb  ABImemset.o [9]
__aeabi_uldivmod        0x00019d31          Code  Gb  I64DivMod.o [9]
__checksum_begin {Abs}  0x10005000           --   Gb  ble_rom_patch.symbols [2]
__checksum_begin_CommonROM {Abs}
                        0x10014c00           --   Gb  ble_rom_patch.symbols [2]
__checksum_end {Abs}    0x1000dffd           --   Gb  ble_rom_patch.symbols [2]
__checksum_end_CommonROM {Abs}
                        0x10019ffd           --   Gb  ble_rom_patch.symbols [2]
__checksum_value {Abs}  0x00005721          Data  Gb  ble_rom_patch.symbols [2]
__checksum_value_CommonROM {Abs}
                        0x0000e0ea          Data  Gb  ble_rom_patch.symbols [2]
__exit {Abs}            0x10018ced          Code  Gb  ble_rom_patch.symbols [2]
__iar_Memset            0x00015881          Code  Gb  ABImemset.o [9]
__iar_Memset_word       0x00015889          Code  Gb  ABImemset.o [9]
__iar_data_init3        0x0001dd55    0x28  Code  Gb  data_init.o [9]
__iar_packbits_init_single3
                        0x0001de37    0x38  Code  Gb  packbits_init_single.o [9]
__iar_unaligned___aeabi_memcpy
                        0x00018611          Code  Gb  ABImemcpy_unaligned.o [9]
__iar_unaligned___aeabi_memcpy4
[...]
maxNumTxDataBufs        0x2000431a     0x1  Data  Gb  ll_patch.o [4]
maxPduSize              0x20004318     0x1  Data  Gb  ll_patch.o [4]
maxPktsPerEvt           0x0000dae0     0x4  Data  Gb  ll_config.o [4]
maxTxPwrForDTM {Abs}    0x20004c85     0x1  Data  Gb  ble_rom_patch.symbols [2]
nextConnId              0x200048e2     0x1  Data  Gb  ll_common_patch.o [4]
nextHandle              0x20004608     0x2  Data  Lc  gatt_server.o [8]
numComplPkts {Abs}      0x20004cba     0x1  Data  Gb  ble_rom_patch.symbols [2]
numComplPktsFlush {Abs}
                        0x20004c88     0x1  Data  Gb  ble_rom_patch.symbols [2]
numComplPktsLimit {Abs}
                        0x20004c87     0x1  Data  Gb  ble_rom_patch.symbols [2]
numHostBufs {Abs}       0x20004f26     0x2  Data  Gb  ble_rom_patch.symbols [2]
numTxDataBufs {Abs}     0x20004c8b     0x1  Data  Gb  ble_rom_patch.symbols [2]
onePktPerEvt {Abs}      0x20004c86     0x1  Data  Gb  ble_rom_patch.symbols [2]
osalAddTimer            0x00015915    0x3c  Code  Gb  osal_timers.o [1]
osalAdjustTimer         0x00019e21    0x4e  Code  Gb  osal_clock.o [1]
osalDeleteTimer         0x00015967     0x8  Code  Gb  osal_timers.o [1]
osalFindTimer           0x00015951    0x16  Code  Gb  osal_timers.o [1]
osalInitTasks           0x00015c51    0x7a  Code  Gb  osal_icall_ble.o [1]
osalTimerInit           0x00015905    0x10  Code  Gb  osal_timers.o [1]
osalTimerUpdate         0x00015a7d    0xce  Code  Gb  osal_timers.o [1]
osal_CbTimerInit        0x000186fd    0x16  Code  Gb  osal_cbtimer.o [1]
osal_CbTimerProcessEvent
                        0x00018713    0x78  Code  Gb  osal_cbtimer.o [1]
osal_CbTimerStart       0x0001878b     0x8  Code  Gb  osal_cbtimer.o [1]
osal_CbTimerStop        0x000187ff    0x52  Code  Gb  osal_cbtimer.o [1]
osal_CbTimerUpdate      0x0001879b    0x64  Code  Gb  osal_cbtimer.o [1]
osal_alien2proxy        0x0000ead9    0x2c  Code  Lc  osal.o [1]
osal_bm_adjust_header   0x00011211    0x28  Code  Gb  osal_bufmgr.o [1]
osal_bm_alloc           0x00011199    0x2e  Code  Gb  osal_bufmgr.o [1]
osal_bm_free            0x000111c7    0x42  Code  Gb  osal_bufmgr.o [1]
osal_clear_event        0x0000e9e9    0x2c  Code  Gb  osal.o [1]
osal_dispatch_entities  0x200044bc     0x4  Data  Lc  osal.o [1]
osal_enroll_dispatchid  0x0000e73b    0x10  Code  Gb  osal.o [1]
osal_enroll_senderid    0x0000e74b     0xc  Code  Gb  osal.o [1]
osal_entity             0x200048d5     0x1  Data  Gb  osal.o [1]
osal_eventloop_hook     0x200044a4     0x4  Data  Gb  osal.o [1]
osal_get_timeoutEx      0x00015a4b    0x22  Code  Gb  osal_timers.o [1]
osal_init_system        0x0000ea1b    0x64  Code  Gb  osal.o [1]
osal_isbufset           0x0000ecbb    0x20  Code  Gb  osal.o [1]
osal_last_timestamp     0x200047a8     0x4  Data  Gb  osal_timers.o [1]
osal_max_msecs          0x200044b0     0x4  Data  Gb  osal.o [1]
osal_mem_alloc          0x00015841    0x1a  Code  Gb  osal_memory_icall.o [1]
osal_mem_free           0x0001585b    0x14  Code  Gb  osal_memory_icall.o [1]
osal_memcmp             0x0000e707    0x1c  Code  Gb  osal.o [1]
osal_memcpy             0x0000e6bf    0x14  Code  Gb  osal.o [1]
osal_memdup             0x0000e6eb    0x1c  Code  Gb  osal.o [1]
osal_memset             0x0000e723    0x14  Code  Gb  osal.o [1]
osal_msec_timer_cback   0x0000eb1d    0x1c  Code  Lc  osal.o [1]
osal_msec_timer_seq     0x200044b8     0x4  Data  Lc  osal.o [1]
osal_msg_allocate       0x0000e75d    0x24  Code  Gb  osal.o [1]
osal_msg_deallocate     0x0000e781    0x1e  Code  Gb  osal.o [1]
osal_msg_enqueue        0x0000e8c5    0x24  Code  Gb  osal.o [1]
osal_msg_enqueue_push   0x0000e7f9    0x62  Code  Lc  osal.o [1]
osal_msg_extract        0x0000e90f    0x28  Code  Gb  osal.o [1]
osal_msg_push           0x0000e8f5    0x1a  Code  Gb  osal.o [1]
osal_msg_receive        0x0000e85b    0x62  Code  Gb  osal.o [1]
osal_msg_send           0x0000e79f    0x5a  Code  Gb  osal.o [1]
osal_next_timeout       0x00015b4b    0x1c  Code  Gb  osal_timers.o [1]
osal_notask_entity      0x2000449d     0x1  Data  Lc  osal.o [1]
osal_proxy2alien        0x0000eb05    0x16  Code  Lc  osal.o [1]
osal_proxy_tasks        0x2000449e     0x2  Data  Lc  osal.o [1]
osal_pwrmgr_init        0x00015ba3     0xc  Code  Gb  osal_pwrmgr.o [1]
osal_pwrmgr_task_state  0x00015baf    0x5c  Code  Gb  osal_pwrmgr.o [1]
osal_qHead              0x200044a0     0x4  Data  Gb  osal.o [1]
osal_rand               0x0000e737     0x4  Code  Gb  osal.o [1]
osal_revmemcpy          0x0000e6d3    0x18  Code  Gb  osal.o [1]
osal_run_system         0x0000eb67   0x14a  Code  Gb  osal.o [1]
osal_semaphore          0x200044a8     0x4  Data  Gb  osal.o [1]
osal_service_entry      0x0000eb43    0x24  Code  Gb  osal.o [1]
osal_set_event          0x0000e94b    0x9e  Code  Gb  osal.o [1]
osal_snv_compact        0x00010885    0x18  Code  Gb  osal_snv_wrapper.o [1]
osal_snv_init           0x00010845     0x4  Code  Gb  osal_snv_wrapper.o [1]
osal_snv_read           0x00010849    0x20  Code  Gb  osal_snv_wrapper.o [1]
osal_snv_write          0x00010869    0x1c  Code  Gb  osal_snv_wrapper.o [1]
osal_start_reload_timer
                        0x000159ed    0x2a  Code  Gb  osal_timers.o [1]
osal_start_system       0x0000ea87    0x52  Code  Gb  osal.o [1]
osal_start_timerEx      0x000159bd    0x30  Code  Gb  osal_timers.o [1]
osal_stop_timerEx       0x00015a21    0x2a  Code  Gb  osal_timers.o [1]
osal_strlen             0x0000e6bb     0x4  Code  Gb  osal.o [1]
osal_systemClock        0x200047ac     0x4  Data  Lc  osal_timers.o [1]
osal_tickperiod         0x200044ac     0x4  Data  Gb  osal.o [1]
osal_timer_refTimeUpdate
                        0x0001596f    0x4e  Code  Gb  osal_timers.o [1]
osal_timerid_msec_timer
                        0x200044b4     0x4  Data  Lc  osal.o [1]
ownPublicAddr {Abs}     0x20004c6c     0x8  Data  Gb  ble_rom_patch.symbols [2]
ownRandomAddr {Abs}     0x20004c74     0x8  Data  Gb  ble_rom_patch.symbols [2]
ownSavedPublicAddr {Abs}
                        0x20004c7c     0x8  Data  Gb  ble_rom_patch.symbols [2]
pAttrValue              0x200047e8     0x4  Data  Lc  gattservapp.o [8]
pAuthEvt                0x20004474     0x4  Data  Lc  gapbondmgr.o [1]
pAuthLink               0x20004550     0x4  Data  Gb  gap_linkmgr.o [8]
pBleEvtMask             0x20004888     0x8  Data  Gb  hci_event_patch.o [4]
pEstLink                0x2000454c     0x4  Data  Gb  gap_linkmgr.o [8]
pGapAdvertState         0x200047c4     0x4  Data  Gb  gap_devmgr.o [8]
pGapBondCB              0x20004470     0x4  Data  Lc  gapbondmgr.o [1]
pGapDiscReq             0x200047c0     0x4  Data  Gb  gap_devmgr.o [8]
pGapScanRecs            0x200045d8     0x4  Data  Lc  gap_centdevmgr.o [8]
pHciEvtMask {Abs}       0x20004f00     0x8  Data  Gb  ble_rom_patch.symbols [2]
pHciEvtMask2            0x20004890     0x8  Data  Gb  hci_event_patch.o [4]
pPairingParams          0x200048c8     0x4  Data  Gb  sm_pairing.o [8]
pServiceList            0x2000460c     0x4  Data  Lc  gatt_server.o [8]
patchBleRfe             0x00016534   0x4ec  Data  Lc  ll_patch.o [4]
patchImageBle           0x000163a4   0x13c  Data  Lc  ll_patch.o [4]
peerInfo {Abs}          0x20004c9c     0xc  Data  Gb  ble_rom_patch.symbols [2]
pfnBondMgrCBs           0x200047bc     0x4  Data  Gb  gap_task.o [8]
pfnCentralCBs           0x200045f4     0x4  Data  Lc  gap_task.o [8]
pfnCentralConnCBs       0x20004554     0x4  Data  Gb  gap_linkmgr.o [8]
pfnClientProcessMsgCB   0x200047f4     0x4  Data  Lc  gatt_task.o [8]
pfnInitiatorCBs         0x200048d0     0x4  Data  Lc  sm_pairing.o [8]
pfnPeripheralCBs        0x200045f0     0x4  Data  Gb  gap_task.o [8]
pfnPeripheralConnCBs    0x200047b8     0x4  Data  Gb  gap_linkmgr.o [8]
pfnResponderCBs         0x200048cc     0x4  Data  Gb  sm_pairing.o [8]
pfnServerProcessMsgCB   0x200047f0     0x4  Data  Lc  gatt_task.o [8]
pgOff                   0x200046a2     0x2  Data  Lc  osal_snv_wrapper.o [1]
postRfOperations {Abs}  0x20004cbe     0x2  Data  Gb  ble_rom_patch.symbols [2]
prepareWritesTbl        0x200047e4     0x4  Data  Lc  gattservapp.o [8]
primaryServiceUUID      0x0001cce0     0x2  Data  Gb  gatt_uuid.o [8]
processDispGAPProfile   0x0000e57f    0xb2  Code  Lc  ble_dispatch.o [1]
processDispMsg          0x0000e445   0x12e  Code  Lc  ble_dispatch.o [1]
processICallGAP         0x0000e2c5   0x180  Code  Lc  ble_dispatch.o [1]
processICallGATT        0x0000e15b   0x16a  Code  Lc  ble_dispatch.o [1]
processICallHost        0x0000dce9    0x9e  Code  Lc  ble_dispatch.o [1]
processICallLL          0x0000dd87   0x262  Code  Lc  ble_dispatch.o [1]
processICallUTIL        0x0000e071    0x98  Code  Lc  ble_dispatch.o [1]
pwrmgr_attribute        0x200047a0     0x4  Data  Gb  osal_pwrmgr.o [1]
pwrmgr_initialized      0x2000479c     0x1  Data  Gb  osal_pwrmgr.o [1]
ratChanInfo {Abs}       0x20004fac    0x20  Data  Gb  ble_rom_patch.symbols [2]
reqTaskId               0x200046a9     0x1  Data  Gb  gatt_server.o [8]
rfCallback              0x0001d909    0x2a  Code  Gb  ll_isr.o [4]
rfCfgAdiVal {Abs}       0x20004c94     0x2  Data  Gb  ble_rom_patch.symbols [2]
rfCfgVal                0x0000dac8     0x4  Data  Gb  ll_config.o [4]
rfCmdHandle             0x20004320     0x2  Data  Gb  ll_patch.o [4]
rfDrvTblPtr             0x20004328     0x4  Data  Gb  ll_patch.o [4]
rfEvent                 0x200046b0     0x8  Data  Gb  ll_patch.o [4]
rfFeModeBias            0x20004319     0x1  Data  Gb  ll_patch.o [4]
rfHandle                0x20004324     0x4  Data  Gb  ll_patch.o [4]
rfMode                  0x20004340    0x10  Data  Gb  ll_patch.o [4]
rfObject                0x20004380    0xc0  Data  Gb  ll_patch.o [4]
rfOpLoc                 0x0000dae4     0x4  Data  Gb  ll_config.o [4]
rfPUpCallback           0x0001d8fd     0xc  Code  Gb  ll_isr.o [4]
rfParams                0x20004350    0x14  Data  Gb  ll_patch.o [4]
rfSetup                 0x20004364    0x18  Data  Gb  ll_patch.o [4]
rf_patch_cpe_ble        0x0001636d    0x38  Code  Lc  ll_patch.o [4]
rf_patch_rfe_ble        0x000164e1    0x52  Code  Lc  ll_patch.o [4]
rsp                     0x200047c8    0x18  Data  Lc  gattservapp.o [8]
rspBuf                  0x200046b8    0x38  Data  Gb  ble_dispatch.o [1]
rssiCorrection {Abs}    0x20004cc0     0x1  Data  Gb  ble_rom_patch.symbols [2]
rxDataQ {Abs}           0x20004f0c     0x4  Data  Gb  ble_rom_patch.symbols [2]
rxFifoFlowCtrl {Abs}    0x20004c8a     0x1  Data  Gb  ble_rom_patch.symbols [2]
rxModemTestCmd {Abs}    0x20004e40    0x18  Data  Gb  ble_rom_patch.symbols [2]
rxPktSuffix             0x0000dacc     0x4  Data  Gb  ll_config.o [4]
rxRingBuf {Abs}         0x20004f10     0x4  Data  Gb  ble_rom_patch.symbols [2]
rxTestOut {Abs}         0x20004ec4     0xc  Data  Gb  ble_rom_patch.symbols [2]
rxTestParam {Abs}       0x20004e84    0x14  Data  Gb  ble_rom_patch.symbols [2]
scanCmd {Abs}           0x20004df8    0x18  Data  Gb  ble_rom_patch.symbols [2]
scanInfo {Abs}          0x20004d94    0x1c  Data  Gb  ble_rom_patch.symbols [2]
scanInfoExt             0x2000431c     0x4  Data  Gb  ll_patch.o [4]
scanParam {Abs}         0x20004d14    0x24  Data  Gb  ble_rom_patch.symbols [2]
scanPktSuffix           0x0000dad4     0x4  Data  Gb  ll_config.o [4]
sclkSrc                 0x2000433c     0x4  Data  Gb  ll_patch.o [4]
secondaryServiceUUID    0x0001cce4     0x2  Data  Gb  gatt_uuid.o [8]
sendAuthEvent           0x00014b57    0xe0  Code  Lc  gap_linkmgr.o [8]
sendEstLinkEvent        0x00014a75    0x5c  Code  Gb  gap_linkmgr.o [8]
sendGapCmdStatus        0x0000dfe9    0x4e  Code  Lc  ble_dispatch.o [1]
sendTerminateEvent      0x00014ad1    0x28  Code  Lc  gap_linkmgr.o [8]
serverInfoTbl           0x200047fc     0x4  Data  Gb  gatt_server.o [8]
serviceCBsList          0x200047ec     0x4  Data  Lc  gattservapp.o [8]
setActivePage           0x0001058d    0x10  Code  Lc  osal_snv_wrapper.o [1]
setBleUserConfig        0x0001a215    0x74  Code  Gb  ble_user_config.o [1]
setXferPage             0x0001059d     0xa  Code  Lc  osal_snv_wrapper.o [1]
setupInitiatorKeys      0x00018c85    0x6a  Code  Lc  sm_intpairing.o [8]
slaveConnHandle         0x20004548     0x2  Data  Gb  gap_linkmgr.o [8]
slaveUpdateReq          0x20004540     0x8  Data  Gb  gap_linkmgr.o [8]
sleepDelay {Abs}        0x20004c96     0x2  Data  Gb  ble_rom_patch.symbols [2]
smAuthReqToUint8        0x000198d5    0x2e  Code  Gb  sm_mgr.o [8]
smDetermineKeySize      0x000195bd    0x22  Code  Gb  sm_pairing.o [8]
smEncrypt               0x0001993f     0x8  Code  Lc  sm_mgr.o [8]
smEncryptLocal          0x00019947     0x4  Code  Lc  sm_mgr.o [8]
smEndPairing            0x0001958d    0x30  Code  Gb  sm_pairing.o [8]
smFreePairingParams     0x00019543    0x4a  Code  Lc  sm_pairing.o [8]
smGenerateConfirm       0x000192ff    0x18  Code  Gb  sm_pairing.o [8]
smGeneratePairingReqRsp
                        0x000192d3    0x2c  Code  Gb  sm_pairing.o [8]
smGenerateRandBuf       0x000198ab    0x2a  Code  Gb  sm_mgr.o [8]
smGenerateRandMsg       0x00019317    0x16  Code  Gb  sm_pairing.o [8]
smInitiatorCBs          0x20004680     0xc  Data  Lc  sm_intpairing.o [8]
smInitiatorSendNextKeyInfo
                        0x00018cf1   0x1b8  Code  Lc  sm_intpairing.o [8]
smLinkCheck             0x00018fcd    0x22  Code  Gb  sm_pairing.o [8]
smNextPairingState      0x00019195    0x30  Code  Gb  sm_pairing.o [8]
smPairingSendEncInfo    0x000194e1     0x6  Code  Gb  sm_pairing.o [8]
smPairingSendIdentityAddrInfo
                        0x00019519    0x24  Code  Gb  sm_pairing.o [8]
smPairingSendIdentityInfo
                        0x0001950f     0x4  Code  Gb  sm_pairing.o [8]
smPairingSendMasterID   0x000194e7    0x28  Code  Gb  sm_pairing.o [8]
smPairingSendSigningInfo
                        0x0001953d     0x6  Code  Gb  sm_pairing.o [8]
smProcessDataMsg        0x00018ff5    0xd4  Code  Gb  sm_pairing.o [8]
smProcessEncryptChange  0x000190e5    0xb0  Code  Gb  sm_pairing.o [8]
smProcessPairingReq     0x00019263    0x56  Code  Gb  sm_pairing.o [8]
smRegisterInitiator     0x00018fc5     0x8  Code  Gb  sm_pairing.o [8]
smSavePairInfo          0x00019341   0x1a0  Code  Gb  sm_pairing.o [8]
smSendFailAndEnd        0x000190c9    0x1c  Code  Gb  sm_pairing.o [8]
smSendFailureEvt        0x0001964d    0x2c  Code  Gb  sm_pairing.o [8]
smSendSMMsg             0x0001bb27    0x4a  Code  Gb  smp.o [8]
smSetPairingReqRsp      0x000195df    0x40  Code  Lc  sm_pairing.o [8]
smStartEncryption       0x000192b9    0x1a  Code  Gb  sm_pairing.o [8]
smStartRspTimer         0x0001972b    0x1c  Code  Gb  sm_mgr.o [8]
smStopRspTimer          0x00019747     0xa  Code  Gb  sm_mgr.o [8]
smTaskID                0x200048e1     0x1  Data  Gb  sm_task.o [8]
smTimedOut              0x00018fef     0x4  Code  Gb  sm_pairing.o [8]
smUint8ToAuthReq        0x00019903    0x3c  Code  Gb  sm_mgr.o [8]
sm_CMAC                 0x00019abf   0x1ba  Code  Lc  sm_mgr.o [8]
sm_ah                   0x00019763    0x26  Code  Lc  sm_mgr.o [8]
sm_c1                   0x000191c5    0x9e  Code  Gb  sm_pairing.o [8]
sm_c1new                0x0001979d    0xb8  Code  Gb  sm_mgr.o [8]
sm_s1                   0x0001986b    0x20  Code  Gb  sm_mgr.o [8]
sm_xor                  0x00019855    0x16  Code  Lc  sm_mgr.o [8]
smpBuildEncInfo         0x0001ba11    0x12  Code  Gb  smp.o [8]
smpBuildIdentityAddrInfo
                        0x0001ba93    0x1e  Code  Gb  smp.o [8]
smpBuildIdentityInfo    0x0001ba81    0x12  Code  Gb  smp.o [8]
smpBuildMasterID        0x0001ba39    0x24  Code  Gb  smp.o [8]
smpBuildPairingConfirm  0x0001b97b    0x12  Code  Gb  smp.o [8]
smpBuildPairingFailed   0x0001b9db    0x18  Code  Gb  smp.o [8]
smpBuildPairingRandom   0x0001b9a3    0x10  Code  Gb  smp.o [8]
smpBuildPairingReq      0x0001b7f1     0x8  Code  Gb  smp.o [8]
smpBuildPairingReqRsp   0x0001b7ff    0xa8  Code  Gb  smp.o [8]
smpBuildPairingRsp      0x0001b7f9     0x6  Code  Gb  smp.o [8]
smpBuildSigningInfo     0x0001bae3    0x12  Code  Gb  smp.o [8]
smpInitiatorProcessIncoming
                        0x000189d9   0x1e0  Code  Lc  sm_intpairing.o [8]
smpInitiatorProcessPairingRsp
                        0x00018bc1    0xb8  Code  Lc  sm_intpairing.o [8]
smpParseEncInfo         0x0001ba23    0x16  Code  Gb  smp.o [8]
smpParseIdentityAddrInfo
                        0x0001bac7    0x1c  Code  Gb  smp.o [8]
smpParseIdentityInfo    0x0001bab1    0x16  Code  Gb  smp.o [8]
smpParseMasterID        0x0001ba5d    0x24  Code  Gb  smp.o [8]
smpParsePairingConfirm  0x0001b98d    0x16  Code  Gb  smp.o [8]
smpParsePairingFailed   0x0001b9f3    0x1e  Code  Gb  smp.o [8]
smpParsePairingRandom   0x0001b9c5    0x16  Code  Gb  smp.o [8]
smpParsePairingReq      0x0001b8a7    0xd4  Code  Gb  smp.o [8]
smpParseSecurityReq     0x0001bb0b    0x1c  Code  Gb  smp.o [8]
smpParseSigningInfo     0x0001baf5    0x16  Code  Gb  smp.o [8]
sspAesDecrypt_Sw {Abs}  0x10016d29    0x78  Code  Gb  ble_rom_patch.symbols [2]
sspAesEncryptBasic_Sw {Abs}
                        0x10016af5    0x62  Code  Gb  ble_rom_patch.symbols [2]
sspAesEncryptKeyExp_Sw {Abs}
                        0x10016a99    0x4e  Code  Gb  ble_rom_patch.symbols [2]
sspAesEncrypt_Sw {Abs}  0x10016979     0xc  Code  Gb  ble_rom_patch.symbols [2]
sspKeyExpansion_Sw {Abs}
                        0x10016985   0x114  Code  Gb  ble_rom_patch.symbols [2]
ssp_KeyInit_Sw {Abs}    0x10016975     0x2  Code  Gb  ble_rom_patch.symbols [2]
stack_main              0x00015ccb    0x50  Code  Gb  osal_icall_ble.o [1]
startup_entry           0x0000da51    0x30  Code  Gb  icall_startup.o [1]
strlen                  0x00015809          Code  Gb  strlen.o [9]
supportedCmdsTable      0x0000f560    0x44  Data  Gb  hci_patch.o [4]
taskEndAction {Abs}     0x20004cc4     0x4  Data  Gb  ble_rom_patch.symbols [2]
taskEndStatus {Abs}     0x20004f0a     0x2  Data  Gb  ble_rom_patch.symbols [2]
tasksArr                0x0000da80    0x28  Data  Gb  osal_icall_ble.o [1]
tasksCnt                0x0000daa8     0x1  Data  Gb  osal_icall_ble.o [1]
tasksEvents             0x20004798     0x4  Data  Gb  osal_icall_ble.o [1]
terminateAllTaskID      0x2000453c     0x1  Data  Lc  gap_linkmgr.o [8]
terminateReason         0x2000453d     0x1  Data  Lc  gap_linkmgr.o [8]
timeMSec                0x20004790     0x4  Data  Lc  osal_clock.o [1]
timerHead               0x200047a4     0x4  Data  Gb  osal_timers.o [1]
trngDrvTblPtr           0x20004330     0x4  Data  Gb  ll_patch.o [4]
trxTestCmd {Abs}        0x20004e28    0x18  Data  Gb  ble_rom_patch.symbols [2]
txDataQ {Abs}           0x20004f1c     0x4  Data  Gb  ble_rom_patch.symbols [2]
txModemTestCmd {Abs}    0x20004d78    0x1c  Data  Gb  ble_rom_patch.symbols [2]
txPowerTable            0x0000dabc     0x4  Data  Gb  ll_config.o [4]
txPwrTbl                0x0000dac0     0x8  Data  Gb  ll_config.o [4]
txTestOut {Abs}         0x20004f20     0x4  Data  Gb  ble_rom_patch.symbols [2]
txTestParam {Abs}       0x20004ea8    0x10  Data  Gb  ble_rom_patch.symbols [2]
verInfo {Abs}           0x20004c8c     0x8  Data  Gb  ble_rom_patch.symbols [2]
wlSize                  0x0000dadc     0x1  Data  Gb  ll_config.o [4]
wlTable {Abs}           0x20004a8c    0x84  Data  Gb  ble_rom_patch.symbols [2]
wlTableScan {Abs}       0x20004b10    0x84  Data  Gb  ble_rom_patch.symbols [2]
writeWord               0x00010777    0x70  Code  Lc  osal_snv_wrapper.o [1]
xor_128                 0x00019c87    0x14  Code  Lc  sm_mgr.o [8]


[1] = C:\ti\simplelink\ble_sdk_2_02_02_25\examples\ble_teleconctrol\simple_central\iar\stack\FlashROM\Obj
[2] = C:\ti\simplelink\ble_sdk_2_02_02_25\src\rom\ble_rom_releases\04242014
[3] = command line
[4] = cc2640_ctrl_xcxx_41c.a
[5] = cc26xx_hci_tl_none_v41.a
[6] = dl7M_tln.a
[7] = driverlib.lib
[8] = host_xcxx.a
[9] = rt7M_tl.a

  66 438 bytes of readonly  code memory
   4 608 bytes of readonly  data memory
   1 483 bytes of readwrite data memory

Errors: none
Warnings: none
